Component: ARM Compiler 5.06 update 7 (build 960) Tool: armlink [4d3601]

==============================================================================

Section Cross References

    startup_stm32f407xx.o(STACK) refers (Special) to heapauxi.o(.text) for __use_two_region_memory
    startup_stm32f407xx.o(HEAP) refers (Special) to heapauxi.o(.text) for __use_two_region_memory
    startup_stm32f407xx.o(RESET) refers (Special) to heapauxi.o(.text) for __use_two_region_memory
    startup_stm32f407xx.o(RESET) refers to startup_stm32f407xx.o(STACK) for __initial_sp
    startup_stm32f407xx.o(RESET) refers to startup_stm32f407xx.o(.text) for Reset_Handler
    startup_stm32f407xx.o(RESET) refers to stm32f4xx_it.o(i.NMI_Handler) for NMI_Handler
    startup_stm32f407xx.o(RESET) refers to stm32f4xx_it.o(i.HardFault_Handler) for HardFault_Handler
    startup_stm32f407xx.o(RESET) refers to stm32f4xx_it.o(i.MemManage_Handler) for MemManage_Handler
    startup_stm32f407xx.o(RESET) refers to stm32f4xx_it.o(i.BusFault_Handler) for BusFault_Handler
    startup_stm32f407xx.o(RESET) refers to stm32f4xx_it.o(i.UsageFault_Handler) for UsageFault_Handler
    startup_stm32f407xx.o(RESET) refers to stm32f4xx_it.o(i.SVC_Handler) for SVC_Handler
    startup_stm32f407xx.o(RESET) refers to stm32f4xx_it.o(i.DebugMon_Handler) for DebugMon_Handler
    startup_stm32f407xx.o(RESET) refers to stm32f4xx_it.o(i.PendSV_Handler) for PendSV_Handler
    startup_stm32f407xx.o(RESET) refers to stm32f4xx_it.o(i.SysTick_Handler) for SysTick_Handler
    startup_stm32f407xx.o(RESET) refers to stm32f4xx_it.o(i.DMA1_Stream1_IRQHandler) for DMA1_Stream1_IRQHandler
    startup_stm32f407xx.o(RESET) refers to stm32f4xx_it.o(i.CAN1_RX0_IRQHandler) for CAN1_RX0_IRQHandler
    startup_stm32f407xx.o(RESET) refers to remote_control.o(i.USART3_IRQHandler) for USART3_IRQHandler
    startup_stm32f407xx.o(RESET) refers to stm32f4xx_it.o(i.CAN2_RX0_IRQHandler) for CAN2_RX0_IRQHandler
    startup_stm32f407xx.o(RESET) refers to stm32f4xx_it.o(i.DMA2_Stream6_IRQHandler) for DMA2_Stream6_IRQHandler
    startup_stm32f407xx.o(RESET) refers to stm32f4xx_it.o(i.USART6_IRQHandler) for USART6_IRQHandler
    startup_stm32f407xx.o(.text) refers (Special) to heapauxi.o(.text) for __use_two_region_memory
    startup_stm32f407xx.o(.text) refers to system_stm32f4xx.o(i.SystemInit) for SystemInit
    startup_stm32f407xx.o(.text) refers to __main.o(!!!main) for __main
    startup_stm32f407xx.o(.text) refers to startup_stm32f407xx.o(HEAP) for Heap_Mem
    startup_stm32f407xx.o(.text) refers to startup_stm32f407xx.o(STACK) for Stack_Mem
    main.o(i.SystemClock_Config) refers to rt_memclr_w.o(.text) for __aeabi_memclr4
    main.o(i.SystemClock_Config) refers to stm32f4xx_hal_rcc.o(i.HAL_RCC_OscConfig) for HAL_RCC_OscConfig
    main.o(i.SystemClock_Config) refers to main.o(i.Error_Handler) for Error_Handler
    main.o(i.SystemClock_Config) refers to stm32f4xx_hal_rcc.o(i.HAL_RCC_ClockConfig) for HAL_RCC_ClockConfig
    main.o(i.main) refers to stm32f4xx_hal.o(i.HAL_Init) for HAL_Init
    main.o(i.main) refers to main.o(i.SystemClock_Config) for SystemClock_Config
    main.o(i.main) refers to gpio.o(i.MX_GPIO_Init) for MX_GPIO_Init
    main.o(i.main) refers to dma.o(i.MX_DMA_Init) for MX_DMA_Init
    main.o(i.main) refers to can.o(i.MX_CAN1_Init) for MX_CAN1_Init
    main.o(i.main) refers to can.o(i.MX_CAN2_Init) for MX_CAN2_Init
    main.o(i.main) refers to usart.o(i.MX_USART6_UART_Init) for MX_USART6_UART_Init
    main.o(i.main) refers to usart.o(i.MX_USART3_UART_Init) for MX_USART3_UART_Init
    main.o(i.main) refers to remote_control.o(i.remote_control_init) for remote_control_init
    main.o(i.main) refers to remote_control.o(i.get_remote_control_point) for get_remote_control_point
    main.o(i.main) refers to bsp_can.o(i.can_filter_init) for can_filter_init
    main.o(i.main) refers to main.o(i.speed_pid_init) for speed_pid_init
    main.o(i.main) refers to main.o(i.speed_pid_loop) for speed_pid_loop
    main.o(i.main) refers to can_receive.o(i.CAN_cmd_chassis) for CAN_cmd_chassis
    main.o(i.main) refers to f2d.o(x$fpl$f2d) for __aeabi_f2d
    main.o(i.main) refers to uart_printf.o(i.usart6_printf) for usart6_printf
    main.o(i.main) refers to stm32f4xx_hal.o(i.HAL_Delay) for HAL_Delay
    main.o(i.main) refers to main.o(.data) for local_rc_ctrl
    main.o(i.main) refers to can_receive.o(.bss) for motor_chassis
    main.o(i.speed_pid_init) refers to pid.o(i.PID_init) for PID_init
    main.o(i.speed_pid_init) refers to main.o(.data) for speed_kpkikd
    main.o(i.speed_pid_init) refers to main.o(.bss) for speed_pid
    main.o(i.speed_pid_loop) refers to pid.o(i.PID_calc) for PID_calc
    main.o(i.speed_pid_loop) refers to can_receive.o(.bss) for motor_chassis
    main.o(i.speed_pid_loop) refers to main.o(.bss) for speed_pid
    can.o(i.HAL_CAN_MspDeInit) refers to stm32f4xx_hal_gpio.o(i.HAL_GPIO_DeInit) for HAL_GPIO_DeInit
[...]
    i.HAL_NVIC_EnableIRQ                     0x08002e44   Section        0  stm32f4xx_hal_cortex.o(i.HAL_NVIC_EnableIRQ)
    i.HAL_NVIC_SetPriority                   0x08002e60   Section        0  stm32f4xx_hal_cortex.o(i.HAL_NVIC_SetPriority)
    i.HAL_NVIC_SetPriorityGrouping           0x08002ec8   Section        0  stm32f4xx_hal_cortex.o(i.HAL_NVIC_SetPriorityGrouping)
    i.HAL_RCC_ClockConfig                    0x08002eec   Section        0  stm32f4xx_hal_rcc.o(i.HAL_RCC_ClockConfig)
    i.HAL_RCC_GetHCLKFreq                    0x08003060   Section        0  stm32f4xx_hal_rcc.o(i.HAL_RCC_GetHCLKFreq)
    i.HAL_RCC_GetPCLK1Freq                   0x0800306c   Section        0  stm32f4xx_hal_rcc.o(i.HAL_RCC_GetPCLK1Freq)
    i.HAL_RCC_GetPCLK2Freq                   0x0800308c   Section        0  stm32f4xx_hal_rcc.o(i.HAL_RCC_GetPCLK2Freq)
    i.HAL_RCC_GetSysClockFreq                0x080030ac   Section        0  stm32f4xx_hal_rcc.o(i.HAL_RCC_GetSysClockFreq)
    i.HAL_RCC_OscConfig                      0x0800311c   Section        0  stm32f4xx_hal_rcc.o(i.HAL_RCC_OscConfig)
    i.HAL_SYSTICK_Config                     0x08003554   Section        0  stm32f4xx_hal_cortex.o(i.HAL_SYSTICK_Config)
    i.HAL_UART_ErrorCallback                 0x0800357c   Section        0  stm32f4xx_hal_uart.o(i.HAL_UART_ErrorCallback)
    i.HAL_UART_IRQHandler                    0x08003580   Section        0  stm32f4xx_hal_uart.o(i.HAL_UART_IRQHandler)
    i.HAL_UART_Init                          0x080036b8   Section        0  stm32f4xx_hal_uart.o(i.HAL_UART_Init)
    i.HAL_UART_MspInit                       0x0800371c   Section        0  usart.o(i.HAL_UART_MspInit)
    i.HAL_UART_RxCpltCallback                0x080038cc   Section        0  stm32f4xx_hal_uart.o(i.HAL_UART_RxCpltCallback)
    i.HAL_UART_Transmit                      0x080038ce   Section        0  stm32f4xx_hal_uart.o(i.HAL_UART_Transmit)
    i.HAL_UART_TxCpltCallback                0x080039aa   Section        0  stm32f4xx_hal_uart.o(i.HAL_UART_TxCpltCallback)
    i.HardFault_Handler                      0x080039ac   Section        0  stm32f4xx_it.o(i.HardFault_Handler)
    i.MX_CAN1_Init                           0x080039b0   Section        0  can.o(i.MX_CAN1_Init)
    i.MX_CAN2_Init                           0x080039f4   Section        0  can.o(i.MX_CAN2_Init)
    i.MX_DMA_Init                            0x08003a38   Section        0  dma.o(i.MX_DMA_Init)
    i.MX_GPIO_Init                           0x08003aa0   Section        0  gpio.o(i.MX_GPIO_Init)
    i.MX_USART3_UART_Init                    0x08003b60   Section        0  usart.o(i.MX_USART3_UART_Init)
    i.MX_USART6_UART_Init                    0x08003b9c   Section        0  usart.o(i.MX_USART6_UART_Init)
    i.MemManage_Handler                      0x08003bd4   Section        0  stm32f4xx_it.o(i.MemManage_Handler)
    i.NMI_Handler                            0x08003bd8   Section        0  stm32f4xx_it.o(i.NMI_Handler)
    i.PID_calc                               0x08003bdc   Section        0  pid.o(i.PID_calc)
    i.PID_init                               0x08003dcc   Section        0  pid.o(i.PID_init)
    i.PendSV_Handler                         0x08003e2c   Section        0  stm32f4xx_it.o(i.PendSV_Handler)
    i.RC_init                                0x08003e30   Section        0  bsp_rc.o(i.RC_init)
    i.SVC_Handler                            0x08003ecc   Section        0  stm32f4xx_it.o(i.SVC_Handler)
    i.SysTick_Handler                        0x08003ece   Section        0  stm32f4xx_it.o(i.SysTick_Handler)
    i.SystemClock_Config                     0x08003ed8   Section        0  main.o(i.SystemClock_Config)
    i.SystemInit                             0x08003f8c   Section        0  system_stm32f4xx.o(i.SystemInit)
    i.UART_DMAAbortOnError                   0x08003ff0   Section        0  stm32f4xx_hal_uart.o(i.UART_DMAAbortOnError)
    UART_DMAAbortOnError                     0x08003ff1   Thumb Code    16  stm32f4xx_hal_uart.o(i.UART_DMAAbortOnError)
    i.UART_EndRxTransfer                     0x08004000   Section        0  stm32f4xx_hal_uart.o(i.UART_EndRxTransfer)
    UART_EndRxTransfer                       0x08004001   Thumb Code    28  stm32f4xx_hal_uart.o(i.UART_EndRxTransfer)
    i.UART_EndTransmit_IT                    0x0800401c   Section        0  stm32f4xx_hal_uart.o(i.UART_EndTransmit_IT)
    UART_EndTransmit_IT                      0x0800401d   Thumb Code    26  stm32f4xx_hal_uart.o(i.UART_EndTransmit_IT)
    i.UART_Receive_IT                        0x08004036   Section        0  stm32f4xx_hal_uart.o(i.UART_Receive_IT)
    UART_Receive_IT                          0x08004037   Thumb Code   156  stm32f4xx_hal_uart.o(i.UART_Receive_IT)
    i.UART_SetConfig                         0x080040d4   Section        0  stm32f4xx_hal_uart.o(i.UART_SetConfig)
    UART_SetConfig                           0x080040d5   Thumb Code   818  stm32f4xx_hal_uart.o(i.UART_SetConfig)
    i.UART_Transmit_IT                       0x08004414   Section        0  stm32f4xx_hal_uart.o(i.UART_Transmit_IT)
    UART_Transmit_IT                         0x08004415   Thumb Code   102  stm32f4xx_hal_uart.o(i.UART_Transmit_IT)
    i.UART_WaitOnFlagUntilTimeout            0x0800447a   Section        0  stm32f4xx_hal_uart.o(i.UART_WaitOnFlagUntilTimeout)
    UART_WaitOnFlagUntilTimeout              0x0800447b   Thumb Code   120  stm32f4xx_hal_uart.o(i.UART_WaitOnFlagUntilTimeout)
    i.USART3_IRQHandler                      0x080044f4   Section        0  remote_control.o(i.USART3_IRQHandler)
    i.USART6_IRQHandler                      0x08004618   Section        0  stm32f4xx_it.o(i.USART6_IRQHandler)
    i.UsageFault_Handler                     0x08004628   Section        0  stm32f4xx_it.o(i.UsageFault_Handler)
    i.__ARM_fpclassify                       0x0800462c   Section        0  fpclassify.o(i.__ARM_fpclassify)
    i._is_digit                              0x0800465c   Section        0  __printf_wp.o(i._is_digit)
    i.can_filter_init                        0x0800466c   Section        0  bsp_can.o(i.can_filter_init)
    i.get_remote_control_point               0x080046c8   Section        0  remote_control.o(i.get_remote_control_point)
    i.main                                   0x080046d0   Section        0  main.o(i.main)
    i.remote_control_init                    0x080047b4   Section        0  remote_control.o(i.remote_control_init)
    i.sbus_to_rc                             0x080047c8   Section        0  remote_control.o(i.sbus_to_rc)
    sbus_to_rc                               0x080047c9   Thumb Code   218  remote_control.o(i.sbus_to_rc)
    i.speed_pid_init                         0x080048a4   Section        0  main.o(i.speed_pid_init)
    i.speed_pid_loop                         0x080048cc   Section        0  main.o(i.speed_pid_loop)
    i.usart6_printf                          0x08004914   Section        0  uart_printf.o(i.usart6_printf)
    locale$$code                             0x08004958   Section       44  lc_numeric_c.o(locale$$code)
    locale$$code                             0x08004984   Section       44  lc_ctype_c.o(locale$$code)
    x$fpl$dretinf                            0x080049b0   Section       12  dretinf.o(x$fpl$dretinf)
    $v0                                      0x080049b0   Number         0  dretinf.o(x$fpl$dretinf)
    x$fpl$f2d                                0x080049bc   Section       86  f2d.o(x$fpl$f2d)
    $v0                                      0x080049bc   Number         0  f2d.o(x$fpl$f2d)
    x$fpl$fnaninf                            0x08004a12   Section      140  fnaninf.o(x$fpl$fnaninf)
    $v0                                      0x08004a12   Number         0  fnaninf.o(x$fpl$fnaninf)
    x$fpl$fpinit                             0x08004a9e   Section       10  fpinit.o(x$fpl$fpinit)
    $v0                                      0x08004a9e   Number         0  fpinit.o(x$fpl$fpinit)
    x$fpl$printf1                            0x08004aa8   Section        4  printf1.o(x$fpl$printf1)
    $v0                                      0x08004aa8   Number         0  printf1.o(x$fpl$printf1)
    x$fpl$printf2                            0x08004aac   Section        4  printf2.o(x$fpl$printf2)
    $v0                                      0x08004aac   Number         0  printf2.o(x$fpl$printf2)
    .constdata                               0x08004ab0   Section       24  system_stm32f4xx.o(.constdata)
    x$fpl$usenofp                            0x08004ab0   Section        0  usenofp.o(x$fpl$usenofp)
    .constdata                               0x08004ac8   Section        8  stm32f4xx_hal_dma.o(.constdata)
    flagBitshiftOffset                       0x08004ac8   Data           8  stm32f4xx_hal_dma.o(.constdata)
    .constdata                               0x08004ad0   Section        8  _printf_wctomb.o(.constdata)
    initial_mbstate                          0x08004ad0   Data           8  _printf_wctomb.o(.constdata)
    .constdata                               0x08004ad8   Section       40  _printf_hex_int_ll_ptr.o(.constdata)
    uc_hextab                                0x08004ad8   Data          20  _printf_hex_int_ll_ptr.o(.constdata)
    lc_hextab                                0x08004aec   Data          20  _printf_hex_int_ll_ptr.o(.constdata)
    .constdata                               0x08004b00   Section       17  __printf_flags_ss_wp.o(.constdata)
    maptable                                 0x08004b00   Data          17  __printf_flags_ss_wp.o(.constdata)
    .constdata                               0x08004b11   Section       38  _printf_fp_hex.o(.constdata)
    lc_hextab                                0x08004b11   Data          19  _printf_fp_hex.o(.constdata)
    uc_hextab                                0x08004b24   Data          19  _printf_fp_hex.o(.constdata)
    .constdata                               0x08004b38   Section      148  bigflt0.o(.constdata)
    tenpwrs_x                                0x08004b38   Data          60  bigflt0.o(.constdata)
    tenpwrs_i                                0x08004b74   Data          64  bigflt0.o(.constdata)
    locale$$data                             0x08004bec   Section       28  lc_numeric_c.o(locale$$data)
    __lcnum_c_name                           0x08004bf0   Data           2  lc_numeric_c.o(locale$$data)
    __lcnum_c_start                          0x08004bf8   Data           0  lc_numeric_c.o(locale$$data)
    __lcnum_c_point                          0x08004c04   Data           0  lc_numeric_c.o(locale$$data)
    __lcnum_c_thousands                      0x08004c06   Data           0  lc_numeric_c.o(locale$$data)
    __lcnum_c_grouping                       0x08004c07   Data           0  lc_numeric_c.o(locale$$data)
    locale$$data                             0x08004c08   Section      272  lc_ctype_c.o(locale$$data)
    __lcnum_c_end                            0x08004c08   Data           0  lc_numeric_c.o(locale$$data)
    __lcctype_c_name                         0x08004c0c   Data           2  lc_ctype_c.o(locale$$data)
    __lcctype_c_start                        0x08004c14   Data           0  lc_ctype_c.o(locale$$data)
    __lcctype_c_end                          0x08004d18   Data           0  lc_ctype_c.o(locale$$data)
    .data                                    0x20000000   Section       24  main.o(.data)
    speed_kpkikd                             0x2000000c   Data          12  main.o(.data)
    .data                                    0x20000018   Section        4  can.o(.data)
    HAL_RCC_CAN1_CLK_ENABLED                 0x20000018   Data           4  can.o(.data)
    .data                                    0x2000001c   Section        4  system_stm32f4xx.o(.data)
    .data                                    0x20000020   Section       17  can_receive.o(.data)
    gimbal_can_send_data                     0x20000020   Data           8  can_receive.o(.data)
    chassis_can_send_data                    0x20000028   Data           8  can_receive.o(.data)
    i                                        0x20000030   Data           1  can_receive.o(.data)
    .data                                    0x20000034   Section       12  stm32f4xx_hal.o(.data)
    .data                                    0x20000040   Section        6  uart_printf.o(.data)
    ap                                       0x20000040   Data           4  uart_printf.o(.data)
    len                                      0x20000044   Data           2  uart_printf.o(.data)
    .data                                    0x20000046   Section        2  remote_control.o(.data)
    this_time_rx_len                         0x20000046   Data           2  remote_control.o(.data)
    .bss                                     0x20000048   Section       72  main.o(.bss)
    .bss                                     0x20000090   Section       80  can.o(.bss)
    .bss                                     0x200000e0   Section      320  usart.o(.bss)
    .bss                                     0x20000220   Section      120  can_receive.o(.bss)
    gimbal_tx_message                        0x20000268   Data          24  can_receive.o(.bss)
    chassis_tx_message                       0x20000280   Data          24  can_receive.o(.bss)
    .bss                                     0x20000298   Section      256  uart_printf.o(.bss)
    tx_buf                                   0x20000298   Data         256  uart_printf.o(.bss)
    .bss                                     0x20000398   Section       94  remote_control.o(.bss)
    sbus_rx_buf                              0x200003ae   Data          72  remote_control.o(.bss)
    .bss                                     0x200003f8   Section       96  libspace.o(.bss)
    HEAP                                     0x20000458   Section      512  startup_stm32f407xx.o(HEAP)
    Heap_Mem                                 0x20000458   Data         512  startup_stm32f407xx.o(HEAP)
    STACK                                    0x20000658   Section     1024  startup_stm32f407xx.o(STACK)
    Stack_Mem                                0x20000658   Data        1024  startup_stm32f407xx.o(STACK)
    __initial_sp                             0x20000a58   Data           0  startup_stm32f407xx.o(STACK)

    Global Symbols

    Symbol Name                              Value     Ov Type        Size  Object(Section)

    BuildAttributes$$THM_ISAv4$E$P$D$K$B$S$7EM$VFPi3$EXTD16$VFPS$VFMA$PE$A:L22UL41UL21$X:L11$S22US41US21$IEEE1$IW$USESV6$~STKCKD$USESV7$~SHL$OTIME$ROPI$IEEEJ$EBA8$UX$STANDARDLIB$REQ8$PRES8$EABIv2 0x00000000   Number         0  anon$$obj.o ABSOLUTE
    __ARM_use_no_argv                        0x00000000   Number         0  main.o ABSOLUTE
    _printf_flags                            0x00000000   Number         0  printf_stubs.o ABSOLUTE
    _printf_return_value                     0x00000000   Number         0  printf_stubs.o ABSOLUTE
    _printf_sizespec                         0x00000000   Number         0  printf_stubs.o ABSOLUTE
    _printf_widthprec                        0x00000000   Number         0  printf_stubs.o ABSOLUTE
    __ARM_exceptions_init                     - Undefined Weak Reference
    __alloca_initialize                       - Undefined Weak Reference
    __arm_fini_                               - Undefined Weak Reference
    __arm_preinit_                            - Undefined Weak Reference
    __cpp_initialize__aeabi_                  - Undefined Weak Reference
    __cxa_finalize                            - Undefined Weak Reference
    __sigvec_lookup                           - Undefined Weak Reference
    _atexit_init                              - Undefined Weak Reference
    _call_atexit_fns                          - Undefined Weak Reference
    _clock_init                               - Undefined Weak Reference
    _fp_trap_init                             - Undefined Weak Reference
    _fp_trap_shutdown                         - Undefined Weak Reference
    _get_lc_collate                           - Undefined Weak Reference
    _get_lc_monetary                          - Undefined Weak Reference
    _get_lc_time                              - Undefined Weak Reference
    _getenv_init                              - Undefined Weak Reference
    _handle_redirection                       - Undefined Weak Reference
    _init_alloc                               - Undefined Weak Reference
    _init_user_alloc                          - Undefined Weak Reference
    _initio                                   - Undefined Weak Reference
    _printf_mbtowc                            - Undefined Weak Reference
    _printf_wc                                - Undefined Weak Reference
    _rand_init                                - Undefined Weak Reference
    _signal_finish                            - Undefined Weak Reference
    _signal_init                              - Undefined Weak Reference
    _terminate_alloc                          - Undefined Weak Reference
    _terminate_user_alloc                     - Undefined Weak Reference
    _terminateio                              - Undefined Weak Reference
    __Vectors_Size                           0x00000188   Number         0  startup_stm32f407xx.o ABSOLUTE
    __Vectors                                0x08000000   Data           4  startup_stm32f407xx.o(RESET)
    __Vectors_End                            0x08000188   Data           0  startup_stm32f407xx.o(RESET)
    __main                                   0x08000189   Thumb Code     8  __main.o(!!!main)
    __scatterload                            0x08000191   Thumb Code     0  __scatter.o(!!!scatter)
    __scatterload_rt2                        0x08000191   Thumb Code    44  __scatter.o(!!!scatter)
    __scatterload_rt2_thumb_only             0x08000191   Thumb Code     0  __scatter.o(!!!scatter)
    __scatterload_null                       0x0800019f   Thumb Code     0  __scatter.o(!!!scatter)
    __scatterload_copy                       0x080001c5   Thumb Code    26  __scatter_copy.o(!!handler_copy)
    __scatterload_zeroinit                   0x080001e1   Thumb Code    28  __scatter_zi.o(!!handler_zi)
    _printf_n                                0x080001fd   Thumb Code     0  _printf_n.o(.ARM.Collect$$_printf_percent$$00000001)
    _printf_percent                          0x080001fd   Thumb Code     0  _printf_percent.o(.ARM.Collect$$_printf_percent$$00000000)
    _printf_p                                0x08000203   Thumb Code     0  _printf_p.o(.ARM.Collect$$_printf_percent$$00000002)
    _printf_f                                0x08000209   Thumb Code     0  _printf_f.o(.ARM.Collect$$_printf_percent$$00000003)
    _printf_e                                0x0800020f   Thumb Code     0  _printf_e.o(.ARM.Collect$$_printf_percent$$00000004)
    _printf_g                                0x08000215   Thumb Code     0  _printf_g.o(.ARM.Collect$$_printf_percent$$00000005)
    _printf_a                                0x0800021b   Thumb Code     0  _printf_a.o(.ARM.Collect$$_printf_percent$$00000006)
    _printf_ll                               0x08000221   Thumb Code     0  _printf_ll.o(.ARM.Collect$$_printf_percent$$00000007)
    _printf_i                                0x0800022b   Thumb Code     0  _printf_i.o(.ARM.Collect$$_printf_percent$$00000008)
    _printf_d                                0x08000231   Thumb Code     0  _printf_d.o(.ARM.Collect$$_printf_percent$$00000009)
    _printf_u                                0x08000237   Thumb Code     0  _printf_u.o(.ARM.Collect$$_printf_percent$$0000000A)
    _printf_o                                0x0800023d   Thumb Code     0  _printf_o.o(.ARM.Collect$$_printf_percent$$0000000B)
    _printf_x                                0x08000243   Thumb Code     0  _printf_x.o(.ARM.Collect$$_printf_percent$$0000000C)
    _printf_lli                              0x08000249   Thumb Code     0  _printf_lli.o(.ARM.Collect$$_printf_percent$$0000000D)
    _printf_lld                              0x0800024f   Thumb Code     0  _printf_lld.o(.ARM.Collect$$_printf_percent$$0000000E)
    _printf_llu                              0x08000255   Thumb Code     0  _printf_llu.o(.ARM.Collect$$_printf_percent$$0000000F)
    _printf_llo                              0x0800025b   Thumb Code     0  _printf_llo.o(.ARM.Collect$$_printf_percent$$00000010)
    _printf_llx                              0x08000261   Thumb Code     0  _printf_llx.o(.ARM.Collect$$_printf_percent$$00000011)
    _printf_l                                0x08000267   Thumb Code     0  _printf_l.o(.ARM.Collect$$_printf_percent$$00000012)
    _printf_c                                0x08000271   Thumb Code     0  _printf_c.o(.ARM.Collect$$_printf_percent$$00000013)
    _printf_s                                0x08000277   Thumb Code     0  _printf_s.o(.ARM.Collect$$_printf_percent$$00000014)
    _printf_lc                               0x0800027d   Thumb Code     0  _printf_lc.o(.ARM.Collect$$_printf_percent$$00000015)
    _printf_ls                               0x08000283   Thumb Code     0  _printf_ls.o(.ARM.Collect$$_printf_percent$$00000016)
    _printf_percent_end                      0x08000289   Thumb Code     0  _printf_percent_end.o(.ARM.Collect$$_printf_percent$$00000017)
    __rt_lib_init                            0x0800028d   Thumb Code     0  libinit.o(.ARM.Collect$$libinit$$00000000)
    __rt_lib_init_fp_1                       0x0800028f   Thumb Code     0  libinit2.o(.ARM.Collect$$libinit$$00000001)
    __rt_lib_init_heap_1                     0x08000293   Thumb Code     0  libinit2.o(.ARM.Collect$$libinit$$0000000A)
    __rt_lib_init_lc_common                  0x08000293   Thumb Code     0  libinit2.o(.ARM.Collect$$libinit$$0000000F)
    __rt_lib_init_preinit_1                  0x08000293   Thumb Code     0  libinit2.o(.ARM.Collect$$libinit$$00000004)
    __rt_lib_init_rand_1                     0x08000293   Thumb Code     0  libinit2.o(.ARM.Collect$$libinit$$0000000E)
    __rt_lib_init_user_alloc_1               0x08000293   Thumb Code     0  libinit2.o(.ARM.Collect$$libinit$$0000000C)
    __rt_lib_init_lc_collate_1               0x08000299   Thumb Code     0  libinit2.o(.ARM.Collect$$libinit$$00000011)
    __rt_lib_init_lc_ctype_2                 0x08000299   Thumb Code     0  libinit2.o(.ARM.Collect$$libinit$$00000012)
    __rt_lib_init_lc_ctype_1                 0x080002a5   Thumb Code     0  libinit2.o(.ARM.Collect$$libinit$$00000013)
    __rt_lib_init_lc_monetary_1              0x080002a5   Thumb Code     0  libinit2.o(.ARM.Collect$$libinit$$00000015)
    __rt_lib_init_lc_numeric_2               0x080002a5   Thumb Code     0  libinit2.o(.ARM.Collect$$libinit$$00000016)
    __rt_lib_init_alloca_1                   0x080002af   Thumb Code     0  libinit2.o(.ARM.Collect$$libinit$$0000002E)
    __rt_lib_init_argv_1                     0x080002af   Thumb Code     0  libinit2.o(.ARM.Collect$$libinit$$0000002C)
    __rt_lib_init_atexit_1                   0x080002af   Thumb Code     0  libinit2.o(.ARM.Collect$$libinit$$0000001B)
    __rt_lib_init_clock_1                    0x080002af   Thumb Code     0  libinit2.o(.ARM.Collect$$libinit$$00000021)
    __rt_lib_init_cpp_1                      0x080002af   Thumb Code     0  libinit2.o(.ARM.Collect$$libinit$$00000032)
    __rt_lib_init_exceptions_1               0x080002af   Thumb Code     0  libinit2.o(.ARM.Collect$$libinit$$00000030)
    __rt_lib_init_fp_trap_1                  0x080002af   Thumb Code     0  libinit2.o(.ARM.Collect$$libinit$$0000001F)
    __rt_lib_init_getenv_1                   0x080002af   Thumb Code     0  libinit2.o(.ARM.Collect$$libinit$$00000023)
    __rt_lib_init_lc_numeric_1               0x080002af   Thumb Code     0  libinit2.o(.ARM.Collect$$libinit$$00000017)
    __rt_lib_init_lc_time_1                  0x080002af   Thumb Code     0  libinit2.o(.ARM.Collect$$libinit$$00000019)
    __rt_lib_init_return                     0x080002af   Thumb Code     0  libinit2.o(.ARM.Collect$$libinit$$00000033)
    __rt_lib_init_signal_1                   0x080002af   Thumb Code     0  libinit2.o(.ARM.Collect$$libinit$$0000001D)
    __rt_lib_init_stdio_1                    0x080002af   Thumb Code     0  libinit2.o(.ARM.Collect$$libinit$$00000025)
    __rt_lib_shutdown                        0x080002b1   Thumb Code     0  libshutdown.o(.ARM.Collect$$libshutdown$$00000000)
    __rt_lib_shutdown_cpp_1                  0x080002b3   Thumb Code     0  libshutdown2.o(.ARM.Collect$$libshutdown$$00000004)
    __rt_lib_shutdown_fini_1                 0x080002b3   Thumb Code     0  libshutdown2.o(.ARM.Collect$$libshutdown$$00000002)
    __rt_lib_shutdown_fp_trap_1              0x080002b3   Thumb Code     0  libshutdown2.o(.ARM.Collect$$libshutdown$$00000009)
    __rt_lib_shutdown_heap_1                 0x080002b3   Thumb Code     0  libshutdown2.o(.ARM.Collect$$libshutdown$$00000011)
    __rt_lib_shutdown_return                 0x080002b3   Thumb Code     0  libshutdown2.o(.ARM.Collect$$libshutdown$$00000012)
    __rt_lib_shutdown_signal_1               0x080002b3   Thumb Code     0  libshutdown2.o(.ARM.Collect$$libshutdown$$0000000C)
    __rt_lib_shutdown_stdio_1                0x080002b3   Thumb Code     0  libshutdown2.o(.ARM.Collect$$libshutdown$$00000006)
    __rt_lib_shutdown_user_alloc_1           0x080002b3   Thumb Code     0  libshutdown2.o(.ARM.Collect$$libshutdown$$0000000E)
    __rt_entry                               0x080002b5   Thumb Code     0  __rtentry.o(.ARM.Collect$$rtentry$$00000000)
    __rt_entry_presh_1                       0x080002b5   Thumb Code     0  __rtentry2.o(.ARM.Collect$$rtentry$$00000002)
    __rt_entry_sh                            0x080002b5   Thumb Code     0  __rtentry4.o(.ARM.Collect$$rtentry$$00000004)
    __rt_entry_li                            0x080002bb   Thumb Code     0  __rtentry2.o(.ARM.Collect$$rtentry$$0000000A)
    __rt_entry_postsh_1                      0x080002bb   Thumb Code     0  __rtentry2.o(.ARM.Collect$$rtentry$$00000009)
    __rt_entry_main                          0x080002bf   Thumb Code     0  __rtentry2.o(.ARM.Collect$$rtentry$$0000000D)
    __rt_entry_postli_1                      0x080002bf   Thumb Code     0  __rtentry2.o(.ARM.Collect$$rtentry$$0000000C)
    __rt_exit                                0x080002c7   Thumb Code     0  rtexit.o(.ARM.Collect$$rtexit$$00000000)
    __rt_exit_ls                             0x080002c9   Thumb Code     0  rtexit2.o(.ARM.Collect$$rtexit$$00000003)
    __rt_exit_prels_1                        0x080002c9   Thumb Code     0  rtexit2.o(.ARM.Collect$$rtexit$$00000002)
    __rt_exit_exit                           0x080002cd   Thumb Code     0  rtexit2.o(.ARM.Collect$$rtexit$$00000004)
    Reset_Handler                            0x080002d5   Thumb Code     8  startup_stm32f407xx.o(.text)
    ADC_IRQHandler                           0x080002ef   Thumb Code     0  startup_stm32f407xx.o(.text)
    CAN1_RX1_IRQHandler                      0x080002ef   Thumb Code     0  startup_stm32f407xx.o(.text)
    CAN1_SCE_IRQHandler                      0x080002ef   Thumb Code     0  startup_stm32f407xx.o(.text)
    CAN1_TX_IRQHandler                       0x080002ef   Thumb Code     0  startup_stm32f407xx.o(.text)
    CAN2_RX1_IRQHandler                      0x080002ef   Thumb Code     0  startup_stm32f407xx.o(.text)
    CAN2_SCE_IRQHandler                      0x080002ef   Thumb Code     0  startup_stm32f407xx.o(.text)
    CAN2_TX_IRQHandler                       0x080002ef   Thumb Code     0  startup_stm32f407xx.o(.text)
    DCMI_IRQHandler                          0x080002ef   Thumb Code     0  startup_stm32f407xx.o(.text)
    DMA1_Stream0_IRQHandler                  0x080002ef   Thumb Code     0  startup_stm32f407xx.o(.text)
    DMA1_Stream2_IRQHandler                  0x080002ef   Thumb Code     0  startup_stm32f407xx.o(.text)
    DMA1_Stream3_IRQHandler                  0x080002ef   Thumb Code     0  startup_stm32f407xx.o(.text)
    DMA1_Stream4_IRQHandler                  0x080002ef   Thumb Code     0  startup_stm32f407xx.o(.text)
    DMA1_Stream5_IRQHandler                  0x080002ef   Thumb Code     0  startup_stm32f407xx.o(.text)
    DMA1_Stream6_IRQHandler                  0x080002ef   Thumb Code     0  startup_stm32f407xx.o(.text)
    DMA1_Stream7_IRQHandler                  0x080002ef   Thumb Code     0  startup_stm32f407xx.o(.text)
    DMA2_Stream0_IRQHandler                  0x080002ef   Thumb Code     0  startup_stm32f407xx.o(.text)
    DMA2_Stream1_IRQHandler                  0x080002ef   Thumb Code     0  startup_stm32f407xx.o(.text)
    DMA2_Stream2_IRQHandler                  0x080002ef   Thumb Code     0  startup_stm32f407xx.o(.text)
    DMA2_Stream3_IRQHandler                  0x080002ef   Thumb Code     0  startup_stm32f407xx.o(.text)
    DMA2_Stream4_IRQHandler                  0x080002ef   Thumb Code     0  startup_stm32f407xx.o(.text)
    DMA2_Stream5_IRQHandler                  0x080002ef   Thumb Code     0  startup_stm32f407xx.o(.text)
    DMA2_Stream7_IRQHandler                  0x080002ef   Thumb Code     0  startup_stm32f407xx.o(.text)
    ETH_IRQHandler                           0x080002ef   Thumb Code     0  startup_stm32f407xx.o(.text)
    ETH_WKUP_IRQHandler                      0x080002ef   Thumb Code     0  startup_stm32f407xx.o(.text)
    EXTI0_IRQHandler                         0x080002ef   Thumb Code     0  startup_stm32f407xx.o(.text)
    EXTI15_10_IRQHandler                     0x080002ef   Thumb Code     0  startup_stm32f407xx.o(.text)
    EXTI1_IRQHandler                         0x080002ef   Thumb Code     0  startup_stm32f407xx.o(.text)
    EXTI2_IRQHandler                         0x080002ef   Thumb Code     0  startup_stm32f407xx.o(.text)
    EXTI3_IRQHandler                         0x080002ef   Thumb Code     0  startup_stm32f407xx.o(.text)
    EXTI4_IRQHandler                         0x080002ef   Thumb Code     0  startup_stm32f407xx.o(.text)
    EXTI9_5_IRQHandler                       0x080002ef   Thumb Code     0  startup_stm32f407xx.o(.text)
    FLASH_IRQHandler                         0x080002ef   Thumb Code     0  startup_stm32f407xx.o(.text)
    FMC_IRQHandler                           0x080002ef   Thumb Code     0  startup_stm32f407xx.o(.text)
    FPU_IRQHandler                           0x080002ef   Thumb Code     0  startup_stm32f407xx.o(.text)
    HASH_RNG_IRQHandler                      0x080002ef   Thumb Code     0  startup_stm32f407xx.o(.text)
    I2C1_ER_IRQHandler                       0x080002ef   Thumb Code     0  startup_stm32f407xx.o(.text)
    I2C1_EV_IRQHandler                       0x080002ef   Thumb Code     0  startup_stm32f407xx.o(.text)
    I2C2_ER_IRQHandler                       0x080002ef   Thumb Code     0  startup_stm32f407xx.o(.text)
    I2C2_EV_IRQHandler                       0x080002ef   Thumb Code     0  startup_stm32f407xx.o(.text)
    I2C3_ER_IRQHandler                       0x080002ef   Thumb Code     0  startup_stm32f407xx.o(.text)
    I2C3_EV_IRQHandler                       0x080002ef   Thumb Code     0  startup_stm32f407xx.o(.text)
    OTG_FS_IRQHandler                        0x080002ef   Thumb Code     0  startup_stm32f407xx.o(.text)
    OTG_FS_WKUP_IRQHandler                   0x080002ef   Thumb Code     0  startup_stm32f407xx.o(.text)
    OTG_HS_EP1_IN_IRQHandler                 0x080002ef   Thumb Code     0  startup_stm32f407xx.o(.text)
    OTG_HS_EP1_OUT_IRQHandler                0x080002ef   Thumb Code     0  startup_stm32f407xx.o(.text)
    OTG_HS_IRQHandler                        0x080002ef   Thumb Code     0  startup_stm32f407xx.o(.text)
    OTG_HS_WKUP_IRQHandler                   0x080002ef   Thumb Code     0  startup_stm32f407xx.o(.text)
    PVD_IRQHandler                           0x080002ef   Thumb Code     0  startup_stm32f407xx.o(.text)
    RCC_IRQHandler                           0x080002ef   Thumb Code     0  startup_stm32f407xx.o(.text)
    RTC_Alarm_IRQHandler                     0x080002ef   Thumb Code     0  startup_stm32f407xx.o(.text)
    RTC_WKUP_IRQHandler                      0x080002ef   Thumb Code     0  startup_stm32f407xx.o(.text)
    SDIO_IRQHandler                          0x080002ef   Thumb Code     0  startup_stm32f407xx.o(.text)
    SPI1_IRQHandler                          0x080002ef   Thumb Code     0  startup_stm32f407xx.o(.text)
    SPI2_IRQHandler                          0x080002ef   Thumb Code     0  startup_stm32f407xx.o(.text)
    SPI3_IRQHandler                          0x080002ef   Thumb Code     0  startup_stm32f407xx.o(.text)
    TAMP_STAMP_IRQHandler                    0x080002ef   Thumb Code     0  startup_stm32f407xx.o(.text)
    TIM1_BRK_TIM9_IRQHandler                 0x080002ef   Thumb Code     0  startup_stm32f407xx.o(.text)
    TIM1_CC_IRQHandler                       0x080002ef   Thumb Code     0  startup_stm32f407xx.o(.text)
    TIM1_TRG_COM_TIM11_IRQHandler            0x080002ef   Thumb Code     0  startup_stm32f407xx.o(.text)
    TIM1_UP_TIM10_IRQHandler                 0x080002ef   Thumb Code     0  startup_stm32f407xx.o(.text)
    TIM2_IRQHandler                          0x080002ef   Thumb Code     0  startup_stm32f407xx.o(.text)
    TIM3_IRQHandler                          0x080002ef   Thumb Code     0  startup_stm32f407xx.o(.text)
    TIM4_IRQHandler                          0x080002ef   Thumb Code     0  startup_stm32f407xx.o(.text)
    TIM5_IRQHandler                          0x080002ef   Thumb Code     0  startup_stm32f407xx.o(.text)
    TIM6_DAC_IRQHandler                      0x080002ef   Thumb Code     0  startup_stm32f407xx.o(.text)
    TIM7_IRQHandler                          0x080002ef   Thumb Code     0  startup_stm32f407xx.o(.text)
    TIM8_BRK_TIM12_IRQHandler                0x080002ef   Thumb Code     0  startup_stm32f407xx.o(.text)
    TIM8_CC_IRQHandler                       0x080002ef   Thumb Code     0  startup_stm32f407xx.o(.text)
    TIM8_TRG_COM_TIM14_IRQHandler            0x080002ef   Thumb Code     0  startup_stm32f407xx.o(.text)
    TIM8_UP_TIM13_IRQHandler                 0x080002ef   Thumb Code     0  startup_stm32f407xx.o(.text)
    UART4_IRQHandler                         0x080002ef   Thumb Code     0  startup_stm32f407xx.o(.text)
    UART5_IRQHandler                         0x080002ef   Thumb Code     0  startup_stm32f407xx.o(.text)
    USART1_IRQHandler                        0x080002ef   Thumb Code     0  startup_stm32f407xx.o(.text)
    USART2_IRQHandler                        0x080002ef   Thumb Code     0  startup_stm32f407xx.o(.text)
    WWDG_IRQHandler                          0x080002ef   Thumb Code     0  startup_stm32f407xx.o(.text)
    __user_initial_stackheap                 0x080002f1   Thumb Code     0  startup_stm32f407xx.o(.text)
    __aeabi_uldivmod                         0x08000315   Thumb Code     0  lludivv7m.o(.text)
    _ll_udiv                                 0x08000315   Thumb Code   238  lludivv7m.o(.text)
    vsprintf                                 0x08000405   Thumb Code    32  vsprintf.o(.text)
    __aeabi_memclr4                          0x08000429   Thumb Code     0  rt_memclr_w.o(.text)
    __aeabi_memclr8                          0x08000429   Thumb Code     0  rt_memclr_w.o(.text)
    __rt_memclr_w                            0x08000429   Thumb Code    78  rt_memclr_w.o(.text)
    _memset_w                                0x0800042d   Thumb Code     0  rt_memclr_w.o(.text)
    __use_two_region_memory                  0x08000477   Thumb Code     2  heapauxi.o(.text)
    __rt_heap_escrow$2region                 0x08000479   Thumb Code     2  heapauxi.o(.text)
    __rt_heap_expand$2region                 0x0800047b   Thumb Code     2  heapauxi.o(.text)
    _printf_pre_padding                      0x0800047d   Thumb Code    44  _printf_pad.o(.text)
    _printf_post_padding                     0x080004a9   Thumb Code    34  _printf_pad.o(.text)
    _printf_truncate_signed                  0x080004cb   Thumb Code    18  _printf_truncate.o(.text)
    _printf_truncate_unsigned                0x080004dd   Thumb Code    18  _printf_truncate.o(.text)
    _printf_str                              0x080004ef   Thumb Code    82  _printf_str.o(.text)
    _printf_int_dec                          0x08000541   Thumb Code   104  _printf_dec.o(.text)
    _printf_charcount                        0x080005b9   Thumb Code    40  _printf_charcount.o(.text)
    _printf_char_common                      0x080005eb   Thumb Code    32  _printf_char_common.o(.text)
    _sputc                                   0x08000611   Thumb Code    10  _sputc.o(.text)
    _printf_wctomb                           0x0800061d   Thumb Code   182  _printf_wctomb.o(.text)
    _printf_longlong_dec                     0x080006d9   Thumb Code   108  _printf_longlong_dec.o(.text)
    _printf_longlong_oct                     0x08000755   Thumb Code    66  _printf_oct_int_ll.o(.text)
    _printf_int_oct                          0x08000797   Thumb Code    24  _printf_oct_int_ll.o(.text)
    _printf_ll_oct                           0x080007af   Thumb Code    12  _printf_oct_int_ll.o(.text)
    _printf_longlong_hex                     0x080007c5   Thumb Code    86  _printf_hex_int_ll_ptr.o(.text)
    _printf_int_hex                          0x0800081b   Thumb Code    28  _printf_hex_int_ll_ptr.o(.text)
    _printf_ll_hex                           0x08000837   Thumb Code    12  _printf_hex_int_ll_ptr.o(.text)
    _printf_hex_ptr                          0x08000843   Thumb Code    18  _printf_hex_int_ll_ptr.o(.text)
    __printf                                 0x08000859   Thumb Code   388  __printf_flags_ss_wp.o(.text)
    _ll_udiv10                               0x080009e1   Thumb Code   138  lludiv10.o(.text)
    _printf_int_common                       0x08000a6b   Thumb Code   178  _printf_intcommon.o(.text)
    __lib_sel_fp_printf                      0x08000b1d   Thumb Code     2  _printf_fp_dec.o(.text)
    _printf_fp_dec_real                      0x08000ccf   Thumb Code   620  _printf_fp_dec.o(.text)
    _printf_fp_hex_real                      0x08000f3d   Thumb Code   756  _printf_fp_hex.o(.text)
    _printf_cs_common                        0x08001239   Thumb Code    20  _printf_char.o(.text)
    _printf_char                             0x0800124d   Thumb Code    16  _printf_char.o(.text)
    _printf_string                           0x0800125d   Thumb Code     8  _printf_char.o(.text)
    _printf_lcs_common                       0x08001265   Thumb Code    20  _printf_wchar.o(.text)
    _printf_wchar                            0x08001279   Thumb Code    16  _printf_wchar.o(.text)
    _printf_wstring                          0x08001289   Thumb Code     8  _printf_wchar.o(.text)
    _wcrtomb                                 0x08001291   Thumb Code    64  _wcrtomb.o(.text)
    __user_setup_stackheap                   0x080012d1   Thumb Code    74  sys_stackheap_outer.o(.text)
    __rt_ctype_table                         0x0800131d   Thumb Code    16  rt_ctype_table.o(.text)
    __rt_locale                              0x0800132d   Thumb Code     8  rt_locale_intlibspace.o(.text)
    _printf_fp_infnan                        0x08001335   Thumb Code   112  _printf_fp_infnan.o(.text)
    _btod_etento                             0x080013b5   Thumb Code   224  bigflt0.o(.text)
    exit                                     0x08001499   Thumb Code    18  exit.o(.text)
    __user_libspace                          0x080014ad   Thumb Code     8  libspace.o(.text)
    __user_perproc_libspace                  0x080014ad   Thumb Code     0  libspace.o(.text)
    __user_perthread_libspace                0x080014ad   Thumb Code     0  libspace.o(.text)
    strcmp                                   0x080014b5   Thumb Code   128  strcmpv7m.o(.text)
    _sys_exit                                0x08001535   Thumb Code     8  sys_exit.o(.text)
    __I$use$semihosting                      0x08001541   Thumb Code     0  use_no_semi.o(.text)
    __use_no_semihosting_swi                 0x08001541   Thumb Code     2  use_no_semi.o(.text)
    __semihosting_library_function           0x08001543   Thumb Code     0  indicate_semi.o(.text)
    _btod_d2e                                0x08001543   Thumb Code    62  btod.o(CL$$btod_d2e)
    _d2e_denorm_low                          0x08001581   Thumb Code    70  btod.o(CL$$btod_d2e_denorm_low)
    _d2e_norm_op1                            0x080015c7   Thumb Code    96  btod.o(CL$$btod_d2e_norm_op1)
    __btod_div_common                        0x08001627   Thumb Code   696  btod.o(CL$$btod_div_common)
    _e2e                                     0x0800195f   Thumb Code   220  btod.o(CL$$btod_e2e)
    _btod_ediv                               0x08001a3b   Thumb Code    42  btod.o(CL$$btod_ediv)
    _btod_emul                               0x08001a65   Thumb Code    42  btod.o(CL$$btod_emul)
    __btod_mult_common                       0x08001a8f   Thumb Code   580  btod.o(CL$$btod_mult_common)
    BusFault_Handler                         0x08001cd3   Thumb Code     4  stm32f4xx_it.o(i.BusFault_Handler)
    CAN1_RX0_IRQHandler                      0x08001cd9   Thumb Code    10  stm32f4xx_it.o(i.CAN1_RX0_IRQHandler)
    CAN2_RX0_IRQHandler                      0x08001ce9   Thumb Code    10  stm32f4xx_it.o(i.CAN2_RX0_IRQHandler)
    CAN_cmd_chassis                          0x08001cf9   Thumb Code    68  can_receive.o(i.CAN_cmd_chassis)
    DMA1_Stream1_IRQHandler                  0x08001d49   Thumb Code    10  stm32f4xx_it.o(i.DMA1_Stream1_IRQHandler)
    DMA2_Stream6_IRQHandler                  0x08001d59   Thumb Code    10  stm32f4xx_it.o(i.DMA2_Stream6_IRQHandler)
    DebugMon_Handler                         0x08001e1b   Thumb Code     2  stm32f4xx_it.o(i.DebugMon_Handler)
    Error_Handler                            0x08001e1d   Thumb Code     2  main.o(i.Error_Handler)
    HAL_CAN_ActivateNotification             0x08001e1f   Thumb Code    36  stm32f4xx_hal_can.o(i.HAL_CAN_ActivateNotification)
    HAL_CAN_AddTxMessage                     0x08001e43   Thumb Code   260  stm32f4xx_hal_can.o(i.HAL_CAN_AddTxMessage)
    HAL_CAN_ConfigFilter                     0x08001f49   Thumb Code   290  stm32f4xx_hal_can.o(i.HAL_CAN_ConfigFilter)
    HAL_CAN_ErrorCallback                    0x08002071   Thumb Code     2  stm32f4xx_hal_can.o(i.HAL_CAN_ErrorCallback)
    HAL_CAN_GetRxMessage                     0x08002073   Thumb Code   364  stm32f4xx_hal_can.o(i.HAL_CAN_GetRxMessage)
    HAL_CAN_IRQHandler                       0x080021df   Thumb Code   564  stm32f4xx_hal_can.o(i.HAL_CAN_IRQHandler)
    HAL_CAN_Init                             0x08002413   Thumb Code   360  stm32f4xx_hal_can.o(i.HAL_CAN_Init)
    HAL_CAN_MspInit                          0x0800257d   Thumb Code   328  can.o(i.HAL_CAN_MspInit)
    HAL_CAN_RxFifo0FullCallback              0x080026dd   Thumb Code     2  stm32f4xx_hal_can.o(i.HAL_CAN_RxFifo0FullCallback)
    HAL_CAN_RxFifo0MsgPendingCallback        0x080026e1   Thumb Code   200  can_receive.o(i.HAL_CAN_RxFifo0MsgPendingCallback)
    HAL_CAN_RxFifo1FullCallback              0x080027b1   Thumb Code     2  stm32f4xx_hal_can.o(i.HAL_CAN_RxFifo1FullCallback)
    HAL_CAN_RxFifo1MsgPendingCallback        0x080027b3   Thumb Code     2  stm32f4xx_hal_can.o(i.HAL_CAN_RxFifo1MsgPendingCallback)
    HAL_CAN_SleepCallback                    0x080027b5   Thumb Code     2  stm32f4xx_hal_can.o(i.HAL_CAN_SleepCallback)
    HAL_CAN_Start                            0x080027b7   Thumb Code   100  stm32f4xx_hal_can.o(i.HAL_CAN_Start)
    HAL_CAN_TxMailbox0AbortCallback          0x0800281b   Thumb Code     2  stm32f4xx_hal_can.o(i.HAL_CAN_TxMailbox0AbortCallback)
    HAL_CAN_TxMailbox0CompleteCallback       0x0800281d   Thumb Code     2  stm32f4xx_hal_can.o(i.HAL_CAN_TxMailbox0CompleteCallback)
    HAL_CAN_TxMailbox1AbortCallback          0x0800281f   Thumb Code     2  stm32f4xx_hal_can.o(i.HAL_CAN_TxMailbox1AbortCallback)
    HAL_CAN_TxMailbox1CompleteCallback       0x08002821   Thumb Code     2  stm32f4xx_hal_can.o(i.HAL_CAN_TxMailbox1CompleteCallback)
    HAL_CAN_TxMailbox2AbortCallback          0x08002823   Thumb Code     2  stm32f4xx_hal_can.o(i.HAL_CAN_TxMailbox2AbortCallback)
    HAL_CAN_TxMailbox2CompleteCallback       0x08002825   Thumb Code     2  stm32f4xx_hal_can.o(i.HAL_CAN_TxMailbox2CompleteCallback)
    HAL_CAN_WakeUpFromRxMsgCallback          0x08002827   Thumb Code     2  stm32f4xx_hal_can.o(i.HAL_CAN_WakeUpFromRxMsgCallback)
    HAL_DMA_Abort_IT                         0x08002829   Thumb Code    36  stm32f4xx_hal_dma.o(i.HAL_DMA_Abort_IT)
    HAL_DMA_IRQHandler                       0x0800284d   Thumb Code   488  stm32f4xx_hal_dma.o(i.HAL_DMA_IRQHandler)
    HAL_DMA_Init                             0x08002a39   Thumb Code   230  stm32f4xx_hal_dma.o(i.HAL_DMA_Init)
    HAL_Delay                                0x08002b25   Thumb Code    34  stm32f4xx_hal.o(i.HAL_Delay)
    HAL_GPIO_Init                            0x08002b4d   Thumb Code   518  stm32f4xx_hal_gpio.o(i.HAL_GPIO_Init)
    HAL_GetTick                              0x08002d69   Thumb Code     6  stm32f4xx_hal.o(i.HAL_GetTick)
    HAL_IncTick                              0x08002d75   Thumb Code    12  stm32f4xx_hal.o(i.HAL_IncTick)
    HAL_Init                                 0x08002d85   Thumb Code    48  stm32f4xx_hal.o(i.HAL_Init)
    HAL_InitTick                             0x08002db9   Thumb Code    58  stm32f4xx_hal.o(i.HAL_InitTick)
    HAL_MspInit                              0x08002dfd   Thumb Code    68  stm32f4xx_hal_msp.o(i.HAL_MspInit)
    HAL_NVIC_EnableIRQ                       0x08002e45   Thumb Code    28  stm32f4xx_hal_cortex.o(i.HAL_NVIC_EnableIRQ)
    HAL_NVIC_SetPriority                     0x08002e61   Thumb Code    98  stm32f4xx_hal_cortex.o(i.HAL_NVIC_SetPriority)
    HAL_NVIC_SetPriorityGrouping             0x08002ec9   Thumb Code    30  stm32f4xx_hal_cortex.o(i.HAL_NVIC_SetPriorityGrouping)
    HAL_RCC_ClockConfig                      0x08002eed   Thumb Code   352  stm32f4xx_hal_rcc.o(i.HAL_RCC_ClockConfig)
    HAL_RCC_GetHCLKFreq                      0x08003061   Thumb Code     6  stm32f4xx_hal_rcc.o(i.HAL_RCC_GetHCLKFreq)
    HAL_RCC_GetPCLK1Freq                     0x0800306d   Thumb Code    22  stm32f4xx_hal_rcc.o(i.HAL_RCC_GetPCLK1Freq)
    HAL_RCC_GetPCLK2Freq                     0x0800308d   Thumb Code    22  stm32f4xx_hal_rcc.o(i.HAL_RCC_GetPCLK2Freq)
    HAL_RCC_GetSysClockFreq                  0x080030ad   Thumb Code    94  stm32f4xx_hal_rcc.o(i.HAL_RCC_GetSysClockFreq)
    HAL_RCC_OscConfig                        0x0800311d   Thumb Code  1078  stm32f4xx_hal_rcc.o(i.HAL_RCC_OscConfig)
    HAL_SYSTICK_Config                       0x08003555   Thumb Code    36  stm32f4xx_hal_cortex.o(i.HAL_SYSTICK_Config)
    HAL_UART_ErrorCallback                   0x0800357d   Thumb Code     2  stm32f4xx_hal_uart.o(i.HAL_UART_ErrorCallback)
    HAL_UART_IRQHandler                      0x08003581   Thumb Code   306  stm32f4xx_hal_uart.o(i.HAL_UART_IRQHandler)
    HAL_UART_Init                            0x080036b9   Thumb Code   100  stm32f4xx_hal_uart.o(i.HAL_UART_Init)
    HAL_UART_MspInit                         0x0800371d   Thumb Code   394  usart.o(i.HAL_UART_MspInit)
    HAL_UART_RxCpltCallback                  0x080038cd   Thumb Code     2  stm32f4xx_hal_uart.o(i.HAL_UART_RxCpltCallback)
    HAL_UART_Transmit                        0x080038cf   Thumb Code   220  stm32f4xx_hal_uart.o(i.HAL_UART_Transmit)
    HAL_UART_TxCpltCallback                  0x080039ab   Thumb Code     2  stm32f4xx_hal_uart.o(i.HAL_UART_TxCpltCallback)
    HardFault_Handler                        0x080039ad   Thumb Code     4  stm32f4xx_it.o(i.HardFault_Handler)
    MX_CAN1_Init                             0x080039b1   Thumb Code    58  can.o(i.MX_CAN1_Init)
    MX_CAN2_Init                             0x080039f5   Thumb Code    58  can.o(i.MX_CAN2_Init)
    MX_DMA_Init                              0x08003a39   Thumb Code    98  dma.o(i.MX_DMA_Init)
    MX_GPIO_Init                             0x08003aa1   Thumb Code   186  gpio.o(i.MX_GPIO_Init)
    MX_USART3_UART_Init                      0x08003b61   Thumb Code    48  usart.o(i.MX_USART3_UART_Init)
    MX_USART6_UART_Init                      0x08003b9d   Thumb Code    46  usart.o(i.MX_USART6_UART_Init)
    MemManage_Handler                        0x08003bd5   Thumb Code     4  stm32f4xx_it.o(i.MemManage_Handler)
    NMI_Handler                              0x08003bd9   Thumb Code     2  stm32f4xx_it.o(i.NMI_Handler)
    PID_calc                                 0x08003bdd   Thumb Code   492  pid.o(i.PID_calc)
    PID_init                                 0x08003dcd   Thumb Code    92  pid.o(i.PID_init)
    PendSV_Handler                           0x08003e2d   Thumb Code     2  stm32f4xx_it.o(i.PendSV_Handler)
    RC_init                                  0x08003e31   Thumb Code   142  bsp_rc.o(i.RC_init)
    SVC_Handler                              0x08003ecd   Thumb Code     2  stm32f4xx_it.o(i.SVC_Handler)
    SysTick_Handler                          0x08003ecf   Thumb Code     8  stm32f4xx_it.o(i.SysTick_Handler)
    SystemClock_Config                       0x08003ed9   Thumb Code   170  main.o(i.SystemClock_Config)
    SystemInit                               0x08003f8d   Thumb Code    82  system_stm32f4xx.o(i.SystemInit)
    USART3_IRQHandler                        0x080044f5   Thumb Code   264  remote_control.o(i.USART3_IRQHandler)
    USART6_IRQHandler                        0x08004619   Thumb Code    10  stm32f4xx_it.o(i.USART6_IRQHandler)
    UsageFault_Handler                       0x08004629   Thumb Code     4  stm32f4xx_it.o(i.UsageFault_Handler)
    __ARM_fpclassify                         0x0800462d   Thumb Code    48  fpclassify.o(i.__ARM_fpclassify)
    _is_digit                                0x0800465d   Thumb Code    14  __printf_wp.o(i._is_digit)
    can_filter_init                          0x0800466d   Thumb Code    84  bsp_can.o(i.can_filter_init)
    get_remote_control_point                 0x080046c9   Thumb Code     4  remote_control.o(i.get_remote_control_point)
    main                                     0x080046d1   Thumb Code   182  main.o(i.main)
    remote_control_init                      0x080047b5   Thumb Code    16  remote_control.o(i.remote_control_init)
    speed_pid_init                           0x080048a5   Thumb Code    22  main.o(i.speed_pid_init)
    speed_pid_loop                           0x080048cd   Thumb Code    62  main.o(i.speed_pid_loop)
    usart6_printf                            0x08004915   Thumb Code    52  uart_printf.o(i.usart6_printf)
    _get_lc_numeric                          0x08004959   Thumb Code    44  lc_numeric_c.o(locale$$code)
    _get_lc_ctype                            0x08004985   Thumb Code    44  lc_ctype_c.o(locale$$code)
    __fpl_dretinf                            0x080049b1   Thumb Code    12  dretinf.o(x$fpl$dretinf)
    __aeabi_f2d                              0x080049bd   Thumb Code     0  f2d.o(x$fpl$f2d)
    _f2d                                     0x080049bd   Thumb Code    86  f2d.o(x$fpl$f2d)
    __fpl_fnaninf                            0x08004a13   Thumb Code   140  fnaninf.o(x$fpl$fnaninf)
    _fp_init                                 0x08004a9f   Thumb Code    10  fpinit.o(x$fpl$fpinit)
    __fplib_config_fpu_vfp                   0x08004aa7   Thumb Code     0  fpinit.o(x$fpl$fpinit)
    __fplib_config_pureend_doubles           0x08004aa7   Thumb Code     0  fpinit.o(x$fpl$fpinit)
    _printf_fp_dec                           0x08004aa9   Thumb Code     4  printf1.o(x$fpl$printf1)
    _printf_fp_hex                           0x08004aad   Thumb Code     4  printf2.o(x$fpl$printf2)
    AHBPrescTable                            0x08004ab0   Data          16  system_stm32f4xx.o(.constdata)
    __I$use$fp                               0x08004ab0   Number         0  usenofp.o(x$fpl$usenofp)
    APBPrescTable                            0x08004ac0   Data           8  system_stm32f4xx.o(.constdata)
    Region$$Table$$Base                      0x08004bcc   Number         0  anon$$obj.o(Region$$Table)
    Region$$Table$$Limit                     0x08004bec   Number         0  anon$$obj.o(Region$$Table)
    __ctype                                  0x08004c15   Data           0  lc_ctype_c.o(locale$$data)
    local_rc_ctrl                            0x20000000   Data           4  main.o(.data)
    give_current                             0x20000004   Data           2  main.o(.data)
    give_speed                               0x20000008   Data           4  main.o(.data)
    SystemCoreClock                          0x2000001c   Data           4  system_stm32f4xx.o(.data)
    uwTickFreq                               0x20000034   Data           1  stm32f4xx_hal.o(.data)
    uwTickPrio                               0x20000038   Data           4  stm32f4xx_hal.o(.data)
    uwTick                                   0x2000003c   Data           4  stm32f4xx_hal.o(.data)
    speed_pid                                0x20000048   Data          72  main.o(.bss)
    hcan1                                    0x20000090   Data          40  can.o(.bss)
    hcan2                                    0x200000b8   Data          40  can.o(.bss)
    huart3                                   0x200000e0   Data          64  usart.o(.bss)
    huart6                                   0x20000120   Data          64  usart.o(.bss)
    hdma_usart3_rx                           0x20000160   Data          96  usart.o(.bss)
    hdma_usart6_tx                           0x200001c0   Data          96  usart.o(.bss)
    motor_chassis                            0x20000220   Data          70  can_receive.o(.bss)
    rc_ctrl                                  0x20000398   Data          22  remote_control.o(.bss)
    __libspace_start                         0x200003f8   Data          96  libspace.o(.bss)
    __temporary_stack_top$libspace           0x20000458   Data           0  libspace.o(.bss)



==============================================================================

Memory Map of the image

  Image Entry point : 0x08000189

  Load Region LR_IROM1 (Base: 0x08000000, Size: 0x00004d60, Max: 0x00100000, ABSOLUTE)

    Execution Region ER_IROM1 (Exec base: 0x08000000, Load base: 0x08000000, Size: 0x00004d18, Max: 0x00100000, ABSOLUTE)

    Exec Addr    Load Addr    Size         Type   Attr      Idx    E Section Name        Object

    0x08000000   0x08000000   0x00000188   Data   RO            3    RESET               startup_stm32f407xx.o
    0x08000188   0x08000188   0x00000008   Code   RO         2704  * !!!main             c_w.l(__main.o)
    0x08000190   0x08000190   0x00000034   Code   RO         3043    !!!scatter          c_w.l(__scatter.o)
    0x080001c4   0x080001c4   0x0000001a   Code   RO         3045    !!handler_copy      c_w.l(__scatter_copy.o)
    0x080001de   0x080001de   0x00000002   PAD
    0x080001e0   0x080001e0   0x0000001c   Code   RO         3047    !!handler_zi        c_w.l(__scatter_zi.o)
    0x080001fc   0x080001fc   0x00000000   Code   RO         2794    .ARM.Collect$$_printf_percent$$00000000  c_w.l(_printf_percent.o)
    0x080001fc   0x080001fc   0x00000006   Code   RO         2783    .ARM.Collect$$_printf_percent$$00000001  c_w.l(_printf_n.o)
    0x08000202   0x08000202   0x00000006   Code   RO         2785    .ARM.Collect$$_printf_percent$$00000002  c_w.l(_printf_p.o)
    0x08000208   0x08000208   0x00000006   Code   RO         2790    .ARM.Collect$$_printf_percent$$00000003  c_w.l(_printf_f.o)
    0x0800020e   0x0800020e   0x00000006   Code   RO         2791    .ARM.Collect$$_printf_percent$$00000004  c_w.l(_printf_e.o)
    0x08000214   0x08000214   0x00000006   Code   RO         2792    .ARM.Collect$$_printf_percent$$00000005  c_w.l(_printf_g.o)
    0x0800021a   0x0800021a   0x00000006   Code   RO         2793    .ARM.Collect$$_printf_percent$$00000006  c_w.l(_printf_a.o)
    0x08000220   0x08000220   0x0000000a   Code   RO         2798    .ARM.Collect$$_printf_percent$$00000007  c_w.l(_printf_ll.o)
    0x0800022a   0x0800022a   0x00000006   Code   RO         2787    .ARM.Collect$$_printf_percent$$00000008  c_w.l(_printf_i.o)
    0x08000230   0x08000230   0x00000006   Code   RO         2788    .ARM.Collect$$_printf_percent$$00000009  c_w.l(_printf_d.o)
    0x08000236   0x08000236   0x00000006   Code   RO         2789    .ARM.Collect$$_printf_percent$$0000000A  c_w.l(_printf_u.o)
    0x0800023c   0x0800023c   0x00000006   Code   RO         2786    .ARM.Collect$$_printf_percent$$0000000B  c_w.l(_printf_o.o)
    0x08000242   0x08000242   0x00000006   Code   RO         2784    .ARM.Collect$$_printf_percent$$0000000C  c_w.l(_printf_x.o)
    0x08000248   0x08000248   0x00000006   Code   RO         2795    .ARM.Collect$$_printf_percent$$0000000D  c_w.l(_printf_lli.o)
    0x0800024e   0x0800024e   0x00000006   Code   RO         2796    .ARM.Collect$$_printf_percent$$0000000E  c_w.l(_printf_lld.o)
    0x08000254   0x08000254   0x00000006   Code   RO         2797    .ARM.Collect$$_printf_percent$$0000000F  c_w.l(_printf_llu.o)
    0x0800025a   0x0800025a   0x00000006   Code   RO         2802    .ARM.Collect$$_printf_percent$$00000010  c_w.l(_printf_llo.o)
    0x08000260   0x08000260   0x00000006   Code   RO         2803    .ARM.Collect$$_printf_percent$$00000011  c_w.l(_printf_llx.o)
    0x08000266   0x08000266   0x0000000a   Code   RO         2799    .ARM.Collect$$_printf_percent$$00000012  c_w.l(_printf_l.o)
    0x08000270   0x08000270   0x00000006   Code   RO         2781    .ARM.Collect$$_printf_percent$$00000013  c_w.l(_printf_c.o)
    0x08000276   0x08000276   0x00000006   Code   RO         2782    .ARM.Collect$$_printf_percent$$00000014  c_w.l(_printf_s.o)
    0x0800027c   0x0800027c   0x00000006   Code   RO         2800    .ARM.Collect$$_printf_percent$$00000015  c_w.l(_printf_lc.o)
    0x08000282   0x08000282   0x00000006   Code   RO         2801    .ARM.Collect$$_printf_percent$$00000016  c_w.l(_printf_ls.o)
    0x08000288   0x08000288   0x00000004   Code   RO         2849    .ARM.Collect$$_printf_percent$$00000017  c_w.l(_printf_percent_end.o)
    0x0800028c   0x0800028c   0x00000002   Code   RO         2902    .ARM.Collect$$libinit$$00000000  c_w.l(libinit.o)
    0x0800028e   0x0800028e   0x00000004   Code   RO         2923    .ARM.Collect$$libinit$$00000001  c_w.l(libinit2.o)
    0x08000292   0x08000292   0x00000000   Code   RO         2926    .ARM.Collect$$libinit$$00000004  c_w.l(libinit2.o)
    0x08000292   0x08000292   0x00000000   Code   RO         2929    .ARM.Collect$$libinit$$0000000A  c_w.l(libinit2.o)
    0x08000292   0x08000292   0x00000000   Code   RO         2931    .ARM.Collect$$libinit$$0000000C  c_w.l(libinit2.o)
    0x08000292   0x08000292   0x00000000   Code   RO         2933    .ARM.Collect$$libinit$$0000000E  c_w.l(libinit2.o)
    0x08000292   0x08000292   0x00000006   Code   RO         2934    .ARM.Collect$$libinit$$0000000F  c_w.l(libinit2.o)
    0x08000298   0x08000298   0x00000000   Code   RO         2936    .ARM.Collect$$libinit$$00000011  c_w.l(libinit2.o)
    0x08000298   0x08000298   0x0000000c   Code   RO         2937    .ARM.Collect$$libinit$$00000012  c_w.l(libinit2.o)
    0x080002a4   0x080002a4   0x00000000   Code   RO         2938    .ARM.Collect$$libinit$$00000013  c_w.l(libinit2.o)
    0x080002a4   0x080002a4   0x00000000   Code   RO         2940    .ARM.Collect$$libinit$$00000015  c_w.l(libinit2.o)
    0x080002a4   0x080002a4   0x0000000a   Code   RO         2941    .ARM.Collect$$libinit$$00000016  c_w.l(libinit2.o)
    0x080002ae   0x080002ae   0x00000000   Code   RO         2942    .ARM.Collect$$libinit$$00000017  c_w.l(libinit2.o)
    0x080002ae   0x080002ae   0x00000000   Code   RO         2944    .ARM.Collect$$libinit$$00000019  c_w.l(libinit2.o)
    0x080002ae   0x080002ae   0x00000000   Code   RO         2946    .ARM.Collect$$libinit$$0000001B  c_w.l(libinit2.o)
    0x080002ae   0x080002ae   0x00000000   Code   RO         2948    .ARM.Collect$$libinit$$0000001D  c_w.l(libinit2.o)
    0x080002ae   0x080002ae   0x00000000   Code   RO         2950    .ARM.Collect$$libinit$$0000001F  c_w.l(libinit2.o)
    0x080002ae   0x080002ae   0x00000000   Code   RO         2952    .ARM.Collect$$libinit$$00000021  c_w.l(libinit2.o)
    0x080002ae   0x080002ae   0x00000000   Code   RO         2954    .ARM.Collect$$libinit$$00000023  c_w.l(libinit2.o)
    0x080002ae   0x080002ae   0x00000000   Code   RO         2956    .ARM.Collect$$libinit$$00000025  c_w.l(libinit2.o)
    0x080002ae   0x080002ae   0x00000000   Code   RO         2960    .ARM.Collect$$libinit$$0000002C  c_w.l(libinit2.o)
    0x080002ae   0x080002ae   0x00000000   Code   RO         2962    .ARM.Collect$$libinit$$0000002E  c_w.l(libinit2.o)
    0x080002ae   0x080002ae   0x00000000   Code   RO         2964    .ARM.Collect$$libinit$$00000030  c_w.l(libinit2.o)
    0x080002ae   0x080002ae   0x00000000   Code   RO         2966    .ARM.Collect$$libinit$$00000032  c_w.l(libinit2.o)
    0x080002ae   0x080002ae   0x00000002   Code   RO         2967    .ARM.Collect$$libinit$$00000033  c_w.l(libinit2.o)
    0x080002b0   0x080002b0   0x00000002   Code   RO         2998    .ARM.Collect$$libshutdown$$00000000  c_w.l(libshutdown.o)
    0x080002b2   0x080002b2   0x00000000   Code   RO         3024    .ARM.Collect$$libshutdown$$00000002  c_w.l(libshutdown2.o)
    0x080002b2   0x080002b2   0x00000000   Code   RO         3026    .ARM.Collect$$libshutdown$$00000004  c_w.l(libshutdown2.o)
    0x080002b2   0x080002b2   0x00000000   Code   RO         3028    .ARM.Collect$$libshutdown$$00000006  c_w.l(libshutdown2.o)
    0x080002b2   0x080002b2   0x00000000   Code   RO         3031    .ARM.Collect$$libshutdown$$00000009  c_w.l(libshutdown2.o)
    0x080002b2   0x080002b2   0x00000000   Code   RO         3034    .ARM.Collect$$libshutdown$$0000000C  c_w.l(libshutdown2.o)
    0x080002b2   0x080002b2   0x00000000   Code   RO         3036    .ARM.Collect$$libshutdown$$0000000E  c_w.l(libshutdown2.o)
    0x080002b2   0x080002b2   0x00000000   Code   RO         3039    .ARM.Collect$$libshutdown$$00000011  c_w.l(libshutdown2.o)
    0x080002b2   0x080002b2   0x00000002   Code   RO         3040    .ARM.Collect$$libshutdown$$00000012  c_w.l(libshutdown2.o)
    0x080002b4   0x080002b4   0x00000000   Code   RO         2708    .ARM.Collect$$rtentry$$00000000  c_w.l(__rtentry.o)
    0x080002b4   0x080002b4   0x00000000   Code   RO         2818    .ARM.Collect$$rtentry$$00000002  c_w.l(__rtentry2.o)
    0x080002b4   0x080002b4   0x00000006   Code   RO         2830    .ARM.Collect$$rtentry$$00000004  c_w.l(__rtentry4.o)
    0x080002ba   0x080002ba   0x00000000   Code   RO         2820    .ARM.Collect$$rtentry$$00000009  c_w.l(__rtentry2.o)
    0x080002ba   0x080002ba   0x00000004   Code   RO         2821    .ARM.Collect$$rtentry$$0000000A  c_w.l(__rtentry2.o)
    0x080002be   0x080002be   0x00000000   Code   RO         2823    .ARM.Collect$$rtentry$$0000000C  c_w.l(__rtentry2.o)
    0x080002be   0x080002be   0x00000008   Code   RO         2824    .ARM.Collect$$rtentry$$0000000D  c_w.l(__rtentry2.o)
    0x080002c6   0x080002c6   0x00000002   Code   RO         2910    .ARM.Collect$$rtexit$$00000000  c_w.l(rtexit.o)
    0x080002c8   0x080002c8   0x00000000   Code   RO         2971    .ARM.Collect$$rtexit$$00000002  c_w.l(rtexit2.o)
    0x080002c8   0x080002c8   0x00000004   Code   RO         2972    .ARM.Collect$$rtexit$$00000003  c_w.l(rtexit2.o)
    0x080002cc   0x080002cc   0x00000006   Code   RO         2973    .ARM.Collect$$rtexit$$00000004  c_w.l(rtexit2.o)
    0x080002d2   0x080002d2   0x00000002   PAD
    0x080002d4   0x080002d4   0x00000040   Code   RO            4    .text               startup_stm32f407xx.o
    0x08000314   0x08000314   0x000000ee   Code   RO         2696    .text               c_w.l(lludivv7m.o)
    0x08000402   0x08000402   0x00000002   PAD
    0x08000404   0x08000404   0x00000024   Code   RO         2698    .text               c_w.l(vsprintf.o)
    0x08000428   0x08000428   0x0000004e   Code   RO         2700    .text               c_w.l(rt_memclr_w.o)
    0x08000476   0x08000476   0x00000006   Code   RO         2702    .text               c_w.l(heapauxi.o)
    0x0800047c   0x0800047c   0x0000004e   Code   RO         2715    .text               c_w.l(_printf_pad.o)
    0x080004ca   0x080004ca   0x00000024   Code   RO         2717    .text               c_w.l(_printf_truncate.o)
    0x080004ee   0x080004ee   0x00000052   Code   RO         2719    .text               c_w.l(_printf_str.o)
    0x08000540   0x08000540   0x00000078   Code   RO         2721    .text               c_w.l(_printf_dec.o)
    0x080005b8   0x080005b8   0x00000028   Code   RO         2723    .text               c_w.l(_printf_charcount.o)
    0x080005e0   0x080005e0   0x00000030   Code   RO         2725    .text               c_w.l(_printf_char_common.o)
    0x08000610   0x08000610   0x0000000a   Code   RO         2727    .text               c_w.l(_sputc.o)
    0x0800061a   0x0800061a   0x00000002   PAD
    0x0800061c   0x0800061c   0x000000bc   Code   RO         2729    .text               c_w.l(_printf_wctomb.o)
    0x080006d8   0x080006d8   0x0000007c   Code   RO         2732    .text               c_w.l(_printf_longlong_dec.o)
    0x08000754   0x08000754   0x00000070   Code   RO         2738    .text               c_w.l(_printf_oct_int_ll.o)
    0x080007c4   0x080007c4   0x00000094   Code   RO         2758    .text               c_w.l(_printf_hex_int_ll_ptr.o)
    0x08000858   0x08000858   0x00000188   Code   RO         2778    .text               c_w.l(__printf_flags_ss_wp.o)
    0x080009e0   0x080009e0   0x0000008a   Code   RO         2834    .text               c_w.l(lludiv10.o)
    0x08000a6a   0x08000a6a   0x000000b2   Code   RO         2836    .text               c_w.l(_printf_intcommon.o)
    0x08000b1c   0x08000b1c   0x0000041e   Code   RO         2838    .text               c_w.l(_printf_fp_dec.o)
    0x08000f3a   0x08000f3a   0x00000002   PAD
    0x08000f3c   0x08000f3c   0x000002fc   Code   RO         2840    .text               c_w.l(_printf_fp_hex.o)
    0x08001238   0x08001238   0x0000002c   Code   RO         2845    .text               c_w.l(_printf_char.o)
    0x08001264   0x08001264   0x0000002c   Code   RO         2847    .text               c_w.l(_printf_wchar.o)
    0x08001290   0x08001290   0x00000040   Code   RO         2850    .text               c_w.l(_wcrtomb.o)
    0x080012d0   0x080012d0   0x0000004a   Code   RO         2852    .text               c_w.l(sys_stackheap_outer.o)
    0x0800131a   0x0800131a   0x00000002   PAD
    0x0800131c   0x0800131c   0x00000010   Code   RO         2854    .text               c_w.l(rt_ctype_table.o)
    0x0800132c   0x0800132c   0x00000008   Code   RO         2859    .text               c_w.l(rt_locale_intlibspace.o)
    0x08001334   0x08001334   0x00000080   Code   RO         2861    .text               c_w.l(_printf_fp_infnan.o)
    0x080013b4   0x080013b4   0x000000e4   Code   RO         2863    .text               c_w.l(bigflt0.o)
    0x08001498   0x08001498   0x00000012   Code   RO         2891    .text               c_w.l(exit.o)
    0x080014aa   0x080014aa   0x00000002   PAD
    0x080014ac   0x080014ac   0x00000008   Code   RO         2907    .text               c_w.l(libspace.o)
    0x080014b4   0x080014b4   0x00000080   Code   RO         2921    .text               c_w.l(strcmpv7m.o)
    0x08001534   0x08001534   0x0000000c   Code   RO         2968    .text               c_w.l(sys_exit.o)
    0x08001540   0x08001540   0x00000002   Code   RO         2987    .text               c_w.l(use_no_semi.o)
    0x08001542   0x08001542   0x00000000   Code   RO         2989    .text               c_w.l(indicate_semi.o)
    0x08001542   0x08001542   0x0000003e   Code   RO         2866    CL$$btod_d2e        c_w.l(btod.o)
    0x08001580   0x08001580   0x00000046   Code   RO         2868    CL$$btod_d2e_denorm_low  c_w.l(btod.o)
    0x080015c6   0x080015c6   0x00000060   Code   RO         2867    CL$$btod_d2e_norm_op1  c_w.l(btod.o)
    0x08001626   0x08001626   0x00000338   Code   RO         2876    CL$$btod_div_common  c_w.l(btod.o)
    0x0800195e   0x0800195e   0x000000dc   Code   RO         2873    CL$$btod_e2e        c_w.l(btod.o)
    0x08001a3a   0x08001a3a   0x0000002a   Code   RO         2870    CL$$btod_ediv       c_w.l(btod.o)
    0x08001a64   0x08001a64   0x0000002a   Code   RO         2869    CL$$btod_emul       c_w.l(btod.o)
    0x08001a8e   0x08001a8e   0x00000244   Code   RO         2875    CL$$btod_mult_common  c_w.l(btod.o)
    0x08001cd2   0x08001cd2   0x00000004   Code   RO          340    i.BusFault_Handler  stm32f4xx_it.o
    0x08001cd6   0x08001cd6   0x00000002   PAD
    0x08001cd8   0x08001cd8   0x00000010   Code   RO          341    i.CAN1_RX0_IRQHandler  stm32f4xx_it.o
    0x08001ce8   0x08001ce8   0x00000010   Code   RO          342    i.CAN2_RX0_IRQHandler  stm32f4xx_it.o
    0x08001cf8   0x08001cf8   0x00000050   Code   RO          591    i.CAN_cmd_chassis   can_receive.o
    0x08001d48   0x08001d48   0x00000010   Code   RO          343    i.DMA1_Stream1_IRQHandler  stm32f4xx_it.o
    0x08001d58   0x08001d58   0x00000010   Code   RO          344    i.DMA2_Stream6_IRQHandler  stm32f4xx_it.o
    0x08001d68   0x08001d68   0x00000034   Code   RO         1459    i.DMA_CalcBaseAndBitshift  stm32f4xx_hal_dma.o
    0x08001d9c   0x08001d9c   0x0000007e   Code   RO         1460    i.DMA_CheckFifoParam  stm32f4xx_hal_dma.o
    0x08001e1a   0x08001e1a   0x00000002   Code   RO          345    i.DebugMon_Handler  stm32f4xx_it.o
    0x08001e1c   0x08001e1c   0x00000002   Code   RO           13    i.Error_Handler     main.o
    0x08001e1e   0x08001e1e   0x00000024   Code   RO          722    i.HAL_CAN_ActivateNotification  stm32f4xx_hal_can.o
    0x08001e42   0x08001e42   0x00000104   Code   RO          723    i.HAL_CAN_AddTxMessage  stm32f4xx_hal_can.o
    0x08001f46   0x08001f46   0x00000002   PAD
    0x08001f48   0x08001f48   0x00000128   Code   RO          724    i.HAL_CAN_ConfigFilter  stm32f4xx_hal_can.o
    0x08002070   0x08002070   0x00000002   Code   RO          727    i.HAL_CAN_ErrorCallback  stm32f4xx_hal_can.o
    0x08002072   0x08002072   0x0000016c   Code   RO          730    i.HAL_CAN_GetRxMessage  stm32f4xx_hal_can.o
    0x080021de   0x080021de   0x00000234   Code   RO          734    i.HAL_CAN_IRQHandler  stm32f4xx_hal_can.o
    0x08002412   0x08002412   0x00000168   Code   RO          735    i.HAL_CAN_Init      stm32f4xx_hal_can.o
    0x0800257a   0x0800257a   0x00000002   PAD
    0x0800257c   0x0800257c   0x00000160   Code   RO          220    i.HAL_CAN_MspInit   can.o
    0x080026dc   0x080026dc   0x00000002   Code   RO          742    i.HAL_CAN_RxFifo0FullCallback  stm32f4xx_hal_can.o
    0x080026de   0x080026de   0x00000002   PAD
    0x080026e0   0x080026e0   0x000000d0   Code   RO          594    i.HAL_CAN_RxFifo0MsgPendingCallback  can_receive.o
    0x080027b0   0x080027b0   0x00000002   Code   RO          744    i.HAL_CAN_RxFifo1FullCallback  stm32f4xx_hal_can.o
    0x080027b2   0x080027b2   0x00000002   Code   RO          745    i.HAL_CAN_RxFifo1MsgPendingCallback  stm32f4xx_hal_can.o
    0x080027b4   0x080027b4   0x00000002   Code   RO          746    i.HAL_CAN_SleepCallback  stm32f4xx_hal_can.o
    0x080027b6   0x080027b6   0x00000064   Code   RO          747    i.HAL_CAN_Start     stm32f4xx_hal_can.o
    0x0800281a   0x0800281a   0x00000002   Code   RO          749    i.HAL_CAN_TxMailbox0AbortCallback  stm32f4xx_hal_can.o
    0x0800281c   0x0800281c   0x00000002   Code   RO          750    i.HAL_CAN_TxMailbox0CompleteCallback  stm32f4xx_hal_can.o
    0x0800281e   0x0800281e   0x00000002   Code   RO          751    i.HAL_CAN_TxMailbox1AbortCallback  stm32f4xx_hal_can.o
    0x08002820   0x08002820   0x00000002   Code   RO          752    i.HAL_CAN_TxMailbox1CompleteCallback  stm32f4xx_hal_can.o
    0x08002822   0x08002822   0x00000002   Code   RO          753    i.HAL_CAN_TxMailbox2AbortCallback  stm32f4xx_hal_can.o
    0x08002824   0x08002824   0x00000002   Code   RO          754    i.HAL_CAN_TxMailbox2CompleteCallback  stm32f4xx_hal_can.o
    0x08002826   0x08002826   0x00000002   Code   RO          756    i.HAL_CAN_WakeUpFromRxMsgCallback  stm32f4xx_hal_can.o
    0x08002828   0x08002828   0x00000024   Code   RO         1463    i.HAL_DMA_Abort_IT  stm32f4xx_hal_dma.o
    0x0800284c   0x0800284c   0x000001ec   Code   RO         1467    i.HAL_DMA_IRQHandler  stm32f4xx_hal_dma.o
    0x08002a38   0x08002a38   0x000000ec   Code   RO         1468    i.HAL_DMA_Init      stm32f4xx_hal_dma.o
    0x08002b24   0x08002b24   0x00000028   Code   RO         1876    i.HAL_Delay         stm32f4xx_hal.o
    0x08002b4c   0x08002b4c   0x0000021c   Code   RO         1355    i.HAL_GPIO_Init     stm32f4xx_hal_gpio.o
    0x08002d68   0x08002d68   0x0000000c   Code   RO         1882    i.HAL_GetTick       stm32f4xx_hal.o
    0x08002d74   0x08002d74   0x00000010   Code   RO         1888    i.HAL_IncTick       stm32f4xx_hal.o
    0x08002d84   0x08002d84   0x00000034   Code   RO         1889    i.HAL_Init          stm32f4xx_hal.o
    0x08002db8   0x08002db8   0x00000044   Code   RO         1890    i.HAL_InitTick      stm32f4xx_hal.o
    0x08002dfc   0x08002dfc   0x00000048   Code   RO          446    i.HAL_MspInit       stm32f4xx_hal_msp.o
    0x08002e44   0x08002e44   0x0000001c   Code   RO         1744    i.HAL_NVIC_EnableIRQ  stm32f4xx_hal_cortex.o
    0x08002e60   0x08002e60   0x00000068   Code   RO         1750    i.HAL_NVIC_SetPriority  stm32f4xx_hal_cortex.o
    0x08002ec8   0x08002ec8   0x00000024   Code   RO         1751    i.HAL_NVIC_SetPriorityGrouping  stm32f4xx_hal_cortex.o
    0x08002eec   0x08002eec   0x00000174   Code   RO          956    i.HAL_RCC_ClockConfig  stm32f4xx_hal_rcc.o
    0x08003060   0x08003060   0x0000000c   Code   RO          961    i.HAL_RCC_GetHCLKFreq  stm32f4xx_hal_rcc.o
    0x0800306c   0x0800306c   0x00000020   Code   RO          963    i.HAL_RCC_GetPCLK1Freq  stm32f4xx_hal_rcc.o
    0x0800308c   0x0800308c   0x00000020   Code   RO          964    i.HAL_RCC_GetPCLK2Freq  stm32f4xx_hal_rcc.o
    0x080030ac   0x080030ac   0x00000070   Code   RO          965    i.HAL_RCC_GetSysClockFreq  stm32f4xx_hal_rcc.o
    0x0800311c   0x0800311c   0x00000436   Code   RO          968    i.HAL_RCC_OscConfig  stm32f4xx_hal_rcc.o
    0x08003552   0x08003552   0x00000002   PAD
    0x08003554   0x08003554   0x00000028   Code   RO         1755    i.HAL_SYSTICK_Config  stm32f4xx_hal_cortex.o
    0x0800357c   0x0800357c   0x00000002   Code   RO         2181    i.HAL_UART_ErrorCallback  stm32f4xx_hal_uart.o
    0x0800357e   0x0800357e   0x00000002   PAD
    0x08003580   0x08003580   0x00000138   Code   RO         2184    i.HAL_UART_IRQHandler  stm32f4xx_hal_uart.o
    0x080036b8   0x080036b8   0x00000064   Code   RO         2185    i.HAL_UART_Init     stm32f4xx_hal_uart.o
    0x0800371c   0x0800371c   0x000001b0   Code   RO          293    i.HAL_UART_MspInit  usart.o
    0x080038cc   0x080038cc   0x00000002   Code   RO         2191    i.HAL_UART_RxCpltCallback  stm32f4xx_hal_uart.o
    0x080038ce   0x080038ce   0x000000dc   Code   RO         2193    i.HAL_UART_Transmit  stm32f4xx_hal_uart.o
    0x080039aa   0x080039aa   0x00000002   Code   RO         2196    i.HAL_UART_TxCpltCallback  stm32f4xx_hal_uart.o
    0x080039ac   0x080039ac   0x00000004   Code   RO          346    i.HardFault_Handler  stm32f4xx_it.o
    0x080039b0   0x080039b0   0x00000044   Code   RO          221    i.MX_CAN1_Init      can.o
    0x080039f4   0x080039f4   0x00000044   Code   RO          222    i.MX_CAN2_Init      can.o
    0x08003a38   0x08003a38   0x00000068   Code   RO          268    i.MX_DMA_Init       dma.o
    0x08003aa0   0x08003aa0   0x000000c0   Code   RO          195    i.MX_GPIO_Init      gpio.o
    0x08003b60   0x08003b60   0x0000003c   Code   RO          294    i.MX_USART3_UART_Init  usart.o
    0x08003b9c   0x08003b9c   0x00000038   Code   RO          295    i.MX_USART6_UART_Init  usart.o
    0x08003bd4   0x08003bd4   0x00000004   Code   RO          347    i.MemManage_Handler  stm32f4xx_it.o
    0x08003bd8   0x08003bd8   0x00000002   Code   RO          348    i.NMI_Handler       stm32f4xx_it.o
    0x08003bda   0x08003bda   0x00000002   PAD
    0x08003bdc   0x08003bdc   0x000001f0   Code   RO         2658    i.PID_calc          pid.o
    0x08003dcc   0x08003dcc   0x00000060   Code   RO         2660    i.PID_init          pid.o
    0x08003e2c   0x08003e2c   0x00000002   Code   RO          349    i.PendSV_Handler    stm32f4xx_it.o
    0x08003e2e   0x08003e2e   0x00000002   PAD
    0x08003e30   0x08003e30   0x0000009c   Code   RO         2491    i.RC_init           bsp_rc.o
    0x08003ecc   0x08003ecc   0x00000002   Code   RO          350    i.SVC_Handler       stm32f4xx_it.o
    0x08003ece   0x08003ece   0x00000008   Code   RO          351    i.SysTick_Handler   stm32f4xx_it.o
    0x08003ed6   0x08003ed6   0x00000002   PAD
    0x08003ed8   0x08003ed8   0x000000b4   Code   RO           14    i.SystemClock_Config  main.o
    0x08003f8c   0x08003f8c   0x00000064   Code   RO          471    i.SystemInit        system_stm32f4xx.o
    0x08003ff0   0x08003ff0   0x00000010   Code   RO         2198    i.UART_DMAAbortOnError  stm32f4xx_hal_uart.o
    0x08004000   0x08004000   0x0000001c   Code   RO         2208    i.UART_EndRxTransfer  stm32f4xx_hal_uart.o
    0x0800401c   0x0800401c   0x0000001a   Code   RO         2209    i.UART_EndTransmit_IT  stm32f4xx_hal_uart.o
    0x08004036   0x08004036   0x0000009c   Code   RO         2211    i.UART_Receive_IT   stm32f4xx_hal_uart.o
    0x080040d2   0x080040d2   0x00000002   PAD
    0x080040d4   0x080040d4   0x00000340   Code   RO         2212    i.UART_SetConfig    stm32f4xx_hal_uart.o
    0x08004414   0x08004414   0x00000066   Code   RO         2213    i.UART_Transmit_IT  stm32f4xx_hal_uart.o
    0x0800447a   0x0800447a   0x00000078   Code   RO         2214    i.UART_WaitOnFlagUntilTimeout  stm32f4xx_hal_uart.o
    0x080044f2   0x080044f2   0x00000002   PAD
    0x080044f4   0x080044f4   0x00000124   Code   RO         2609    i.USART3_IRQHandler  remote_control.o
    0x08004618   0x08004618   0x00000010   Code   RO          352    i.USART6_IRQHandler  stm32f4xx_it.o
    0x08004628   0x08004628   0x00000004   Code   RO          353    i.UsageFault_Handler  stm32f4xx_it.o
    0x0800462c   0x0800462c   0x00000030   Code   RO         2905    i.__ARM_fpclassify  m_wm.l(fpclassify.o)
    0x0800465c   0x0800465c   0x0000000e   Code   RO         2771    i._is_digit         c_w.l(__printf_wp.o)
    0x0800466a   0x0800466a   0x00000002   PAD
    0x0800466c   0x0800466c   0x0000005c   Code   RO          507    i.can_filter_init   bsp_can.o
    0x080046c8   0x080046c8   0x00000008   Code   RO         2610    i.get_remote_control_point  remote_control.o
    0x080046d0   0x080046d0   0x000000e4   Code   RO           15    i.main              main.o
    0x080047b4   0x080047b4   0x00000014   Code   RO         2611    i.remote_control_init  remote_control.o
    0x080047c8   0x080047c8   0x000000da   Code   RO         2612    i.sbus_to_rc        remote_control.o
    0x080048a2   0x080048a2   0x00000002   PAD
    0x080048a4   0x080048a4   0x00000028   Code   RO           16    i.speed_pid_init    main.o
    0x080048cc   0x080048cc   0x00000048   Code   RO           17    i.speed_pid_loop    main.o
    0x08004914   0x08004914   0x00000044   Code   RO         2572    i.usart6_printf     uart_printf.o
    0x08004958   0x08004958   0x0000002c   Code   RO         2889    locale$$code        c_w.l(lc_numeric_c.o)
    0x08004984   0x08004984   0x0000002c   Code   RO         2915    locale$$code        c_w.l(lc_ctype_c.o)
    0x080049b0   0x080049b0   0x0000000c   Code   RO         2804    x$fpl$dretinf       fz_wm.l(dretinf.o)
    0x080049bc   0x080049bc   0x00000056   Code   RO         2706    x$fpl$f2d           fz_wm.l(f2d.o)
    0x08004a12   0x08004a12   0x0000008c   Code   RO         2806    x$fpl$fnaninf       fz_wm.l(fnaninf.o)
    0x08004a9e   0x08004a9e   0x0000000a   Code   RO         2983    x$fpl$fpinit        fz_wm.l(fpinit.o)
    0x08004aa8   0x08004aa8   0x00000004   Code   RO         2808    x$fpl$printf1       fz_wm.l(printf1.o)
    0x08004aac   0x08004aac   0x00000004   Code   RO         2810    x$fpl$printf2       fz_wm.l(printf2.o)
    0x08004ab0   0x08004ab0   0x00000000   Code   RO         2816    x$fpl$usenofp       fz_wm.l(usenofp.o)
    0x08004ab0   0x08004ab0   0x00000018   Data   RO          472    .constdata          system_stm32f4xx.o
    0x08004ac8   0x08004ac8   0x00000008   Data   RO         1474    .constdata          stm32f4xx_hal_dma.o
    0x08004ad0   0x08004ad0   0x00000008   Data   RO         2730    .constdata          c_w.l(_printf_wctomb.o)
    0x08004ad8   0x08004ad8   0x00000028   Data   RO         2759    .constdata          c_w.l(_printf_hex_int_ll_ptr.o)
    0x08004b00   0x08004b00   0x00000011   Data   RO         2779    .constdata          c_w.l(__printf_flags_ss_wp.o)
    0x08004b11   0x08004b11   0x00000026   Data   RO         2841    .constdata          c_w.l(_printf_fp_hex.o)
    0x08004b37   0x08004b37   0x00000001   PAD
    0x08004b38   0x08004b38   0x00000094   Data   RO         2864    .constdata          c_w.l(bigflt0.o)
    0x08004bcc   0x08004bcc   0x00000020   Data   RO         3041    Region$$Table       anon$$obj.o
    0x08004bec   0x08004bec   0x0000001c   Data   RO         2888    locale$$data        c_w.l(lc_numeric_c.o)
    0x08004c08   0x08004c08   0x00000110   Data   RO         2914    locale$$data        c_w.l(lc_ctype_c.o)


    Execution Region RW_IRAM1 (Exec base: 0x20000000, Load base: 0x08004d18, Size: 0x00000a58, Max: 0x00020000, ABSOLUTE)

    Exec Addr    Load Addr    Size         Type   Attr      Idx    E Section Name        Object

    0x20000000   0x08004d18   0x00000018   Data   RW           19    .data               main.o
    0x20000018   0x08004d30   0x00000004   Data   RW          224    .data               can.o
    0x2000001c   0x08004d34   0x00000004   Data   RW          473    .data               system_stm32f4xx.o
    0x20000020   0x08004d38   0x00000011   Data   RW          600    .data               can_receive.o
    0x20000031   0x08004d49   0x00000003   PAD
    0x20000034   0x08004d4c   0x0000000c   Data   RW         1896    .data               stm32f4xx_hal.o
    0x20000040   0x08004d58   0x00000006   Data   RW         2574    .data               uart_printf.o
    0x20000046   0x08004d5e   0x00000002   Data   RW         2614    .data               remote_control.o
    0x20000048        -       0x00000048   Zero   RW           18    .bss                main.o
    0x20000090        -       0x00000050   Zero   RW          223    .bss                can.o
    0x200000e0        -       0x00000140   Zero   RW          296    .bss                usart.o
    0x20000220        -       0x00000078   Zero   RW          599    .bss                can_receive.o
    0x20000298        -       0x00000100   Zero   RW         2573    .bss                uart_printf.o
    0x20000398        -       0x0000005e   Zero   RW         2613    .bss                remote_control.o
    0x200003f6   0x08004d60   0x00000002   PAD
    0x200003f8        -       0x00000060   Zero   RW         2908    .bss                c_w.l(libspace.o)
    0x20000458        -       0x00000200   Zero   RW            2    HEAP                startup_stm32f407xx.o
    0x20000658        -       0x00000400   Zero   RW            1    STACK               startup_stm32f407xx.o


==============================================================================

Image component sizes


      Code (inc. data)   RO Data    RW Data    ZI Data      Debug   Object Name

        92          8          0          0          0     570914   bsp_can.o
       156         14          0          0          0     586178   bsp_rc.o
       488         44          0          4         80       2534   can.o
       288         28          0         17        120     573632   can_receive.o
       104          6          0          0          0        850   dma.o
       192          6          0          0          0       1003   gpio.o
       522         84          0         24         72     676942   main.o
       592          8          0          0          0       2470   pid.o
       538         36          0          2         94       4727   remote_control.o
        64         26        392          0       1536        876   startup_stm32f407xx.o
       188         30          0         12          0       4793   stm32f4xx_hal.o
      2004          6          0          0          0      15595   stm32f4xx_hal_can.o
       208         16          0          0          0      33827   stm32f4xx_hal_cortex.o
       942         18          8          0          0       5139   stm32f4xx_hal_dma.o
       540         22          0          0          0       1924   stm32f4xx_hal_gpio.o
        72          4          0          0          0        890   stm32f4xx_hal_msp.o
      1638        100          0          0          0       6624   stm32f4xx_hal_rcc.o
      1918         20          0          0          0      10535   stm32f4xx_hal_uart.o
       112         30          0          0          0       7018   stm32f4xx_it.o
       100         18         24          4          0       1247   system_stm32f4xx.o
        68         16          0          6        256       1224   uart_printf.o
       548         60          0          0        320       2669   usart.o

    ----------------------------------------------------------------------
     11398        600        456         72       2480    2511611   Object Totals
         0          0         32          0          0          0   (incl. Generated)
        24          0          0          3          2          0   (incl. Padding)

    ----------------------------------------------------------------------

      Code (inc. data)   RO Data    RW Data    ZI Data      Debug   Library Member Name

         8          0          0          0          0         68   __main.o
       392          4         17          0          0         92   __printf_flags_ss_wp.o
        14          0          0          0          0         68   __printf_wp.o
         0          0          0          0          0          0   __rtentry.o
        12          0          0          0          0          0   __rtentry2.o
         6          0          0          0          0          0   __rtentry4.o
        52          8          0          0          0          0   __scatter.o
        26          0          0          0          0          0   __scatter_copy.o
        28          0          0          0          0          0   __scatter_zi.o
         6          0          0          0          0          0   _printf_a.o
         6          0          0          0          0          0   _printf_c.o
        44          0          0          0          0        108   _printf_char.o
        48          6          0          0          0         96   _printf_char_common.o
        40          0          0          0          0         68   _printf_charcount.o
         6          0          0          0          0          0   _printf_d.o
       120         16          0          0          0         92   _printf_dec.o
         6          0          0          0          0          0   _printf_e.o
         6          0          0          0          0          0   _printf_f.o
      1054          0          0          0          0        216   _printf_fp_dec.o
       764          8         38          0          0        100   _printf_fp_hex.o
       128         16          0          0          0         84   _printf_fp_infnan.o
         6          0          0          0          0          0   _printf_g.o
       148          4         40          0          0        160   _printf_hex_int_ll_ptr.o
         6          0          0          0          0          0   _printf_i.o
       178          0          0          0          0         88   _printf_intcommon.o
        10          0          0          0          0          0   _printf_l.o
         6          0          0          0          0          0   _printf_lc.o
        10          0          0          0          0          0   _printf_ll.o
         6          0          0          0          0          0   _printf_lld.o
         6          0          0          0          0          0   _printf_lli.o
         6          0          0          0          0          0   _printf_llo.o
         6          0          0          0          0          0   _printf_llu.o
         6          0          0          0          0          0   _printf_llx.o
       124         16          0          0          0         92   _printf_longlong_dec.o
         6          0          0          0          0          0   _printf_ls.o
         6          0          0          0          0          0   _printf_n.o
         6          0          0          0          0          0   _printf_o.o
       112         10          0          0          0        124   _printf_oct_int_ll.o
         6          0          0          0          0          0   _printf_p.o
        78          0          0          0          0        108   _printf_pad.o
         0          0          0          0          0          0   _printf_percent.o
         4          0          0          0          0          0   _printf_percent_end.o
         6          0          0          0          0          0   _printf_s.o
        82          0          0          0          0         80   _printf_str.o
        36          0          0          0          0         84   _printf_truncate.o
         6          0          0          0          0          0   _printf_u.o
        44          0          0          0          0        108   _printf_wchar.o
       188          6          8          0          0         92   _printf_wctomb.o
         6          0          0          0          0          0   _printf_x.o
        10          0          0          0          0         68   _sputc.o
        64          0          0          0          0         92   _wcrtomb.o
       228          4        148          0          0         96   bigflt0.o
      1936        128          0          0          0        672   btod.o
        18          0          0          0          0         80   exit.o
         6          0          0          0          0        152   heapauxi.o
         0          0          0          0          0          0   indicate_semi.o
        44         10        272          0          0         76   lc_ctype_c.o
        44         10         28          0          0         76   lc_numeric_c.o
         2          0          0          0          0          0   libinit.o
        34          0          0          0          0          0   libinit2.o
         2          0          0          0          0          0   libshutdown.o
         2          0          0          0          0          0   libshutdown2.o
         8          4          0          0         96         68   libspace.o
       138          0          0          0          0         80   lludiv10.o
       238          0          0          0          0        100   lludivv7m.o
        16          4          0          0          0         76   rt_ctype_table.o
         8          4          0          0          0         68   rt_locale_intlibspace.o
        78          0          0          0          0         80   rt_memclr_w.o
         2          0          0          0          0          0   rtexit.o
        10          0          0          0          0          0   rtexit2.o
       128          0          0          0          0         68   strcmpv7m.o
        12          4          0          0          0         68   sys_exit.o
        74          0          0          0          0         80   sys_stackheap_outer.o
         2          0          0          0          0         68   use_no_semi.o
        36          4          0          0          0         76   vsprintf.o
        12          0          0          0          0        116   dretinf.o
        86          4          0          0          0        132   f2d.o
       140          4          0          0          0        132   fnaninf.o
        10          0          0          0          0        116   fpinit.o
         4          0          0          0          0        116   printf1.o
         4          0          0          0          0        116   printf2.o
         0          0          0          0          0          0   usenofp.o
        48          0          0          0          0        124   fpclassify.o

    ----------------------------------------------------------------------
      7330        274        552          0         96       4924   Library Totals
        16          0          1          0          0          0   (incl. Padding)

    ----------------------------------------------------------------------

      Code (inc. data)   RO Data    RW Data    ZI Data      Debug   Library Name

      7010        266        551          0         96       4072   c_w.l
       256          8          0          0          0        728   fz_wm.l
        48          0          0          0          0        124   m_wm.l

    ----------------------------------------------------------------------
      7330        274        552          0         96       4924   Library Totals

    ----------------------------------------------------------------------

==============================================================================


      Code (inc. data)   RO Data    RW Data    ZI Data      Debug   

     18728        874       1008         72       2576    2505351   Grand Totals
     18728        874       1008         72       2576    2505351   ELF Image Totals
     18728        874       1008         72          0          0   ROM Totals

==============================================================================

    Total RO  Size (Code + RO Data)                19736 (  19.27kB)
    Total RW  Size (RW Data + ZI Data)              2648 (   2.59kB)
    Total ROM Size (Code + RO Data + RW Data)      19808 (  19.34kB)

==============================================================================

